Archive member included to satisfy reference by file (symbol)

../micro_ros_stm32cubemx_utils/microros_static_library_ide/libmicroros/libmicroros.a(librcl-publisher.c.obj)
                              ./Core/Src/main.o (rcl_publish)
../micro_ros_stm32cubemx_utils/microros_static_library_ide/libmicroros/libmicroros.a(librclc-init.c.obj)
                              ./Core/Src/main.o (rclc_support_init)
../micro_ros_stm32cubemx_utils/microros_static_library_ide/libmicroros/libmicroros.a(librclc-node.c.obj)
                              ./Core/Src/main.o (rclc_node_init_default)
../micro_ros_stm32cubemx_utils/microros_static_library_ide/libmicroros/libmicroros.a(librclc-publisher.c.obj)
                              ./Core/Src/main.o (rclc_publisher_init_default)
../micro_ros_stm32cubemx_utils/microros_static_library_ide/libmicroros/libmicroros.a(librcutils-allocator.c.obj)
                              ./Core/Src/main.o (rcutils_get_zero_initialized_allocator)
../micro_ros_stm32cubemx_utils/microros_static_library_ide/libmicroros/libmicroros.a(librcutils-error_handling.c.obj)
                              ../micro_ros_stm32cubemx_utils/microros_static_library_ide/libmicroros/libmicroros.a(librclc-init.c.obj) (rcutils_reset_error)
../micro_ros_stm32cubemx_utils/microros_static_library_ide/libmicroros/libmicroros.a(librmw-publisher_options.c.obj)
                              ../micro_ros_stm32cubemx_utils/microros_static_library_ide/libmicroros/libmicroros.a(librcl-publisher.c.obj) (rmw_get_default_publisher_options)
../micro_ros_stm32cubemx_utils/microros_static_library_ide/libmicroros/libmicroros.a(librmw_microxrcedds-custom_transport.c.obj)
                              ./Core/Src/main.o (rmw_uros_set_custom_transport)
../micro_ros_stm32cubemx_utils/microros_static_library_ide/libmicroros/libmicroros.a(librmw_microxrcedds-rmw_publish.c.obj)
                              ../micro_ros_stm32cubemx_utils/microros_static_library_ide/libmicroros/libmicroros.a(librcl-publisher.c.obj) (rmw_publish)
../micro_ros_stm32cubemx_utils/microros_static_library_ide/libmicroros/libmicroros.a(librmw_microxrcedds-rmw_publisher.c.obj)
                              ../micro_ros_stm32cubemx_utils/microros_static_library_ide/libmicroros/libmicroros.a(librcl-publisher.c.obj) (rmw_create_publisher)
../micro_ros_stm32cubemx_utils/microros_static_library_ide/libmicroros/libmicroros.a(librmw_microxrcedds-types.c.obj)
                              ../micro_ros_stm32cubemx_utils/microros_static_library_ide/libmicroros/libmicroros.a(librmw_microxrcedds-rmw_publisher.c.obj) (rmw_uxrce_fini_publisher_memory)
../micro_ros_stm32cubemx_utils/microros_static_library_ide/libmicroros/libmicroros.a(librmw_microxrcedds-utils.c.obj)
                              ../micro_ros_stm32cubemx_utils/microros_static_library_ide/libmicroros/libmicroros.a(librmw_microxrcedds-rmw_publisher.c.obj) (run_xrce_session)
../micro_ros_stm32cubemx_utils/microros_static_library_ide/libmicroros/libmicroros.a(librosidl_runtime_c-message_type_support.c.obj)
                              ../micro_ros_stm32cubemx_utils/microros_static_library_ide/libmicroros/libmicroros.a(librmw_microxrcedds-rmw_publisher.c.obj) (get_message_typesupport_handle)
../micro_ros_stm32cubemx_utils/microros_static_library_ide/libmicroros/libmicroros.a(libstd_msgs__rosidl_typesupport_c-int32__type_support.cpp.obj)
                              ./Core/Src/main.o (rosidl_typesupport_c__get_message_type_support_handle__std_msgs__msg__Int32)
../micro_ros_stm32cubemx_utils/microros_static_library_ide/libmicroros/libmicroros.a(libstd_msgs__rosidl_typesupport_introspection_c-int32__type_support.c.obj)
                              ../micro_ros_stm32cubemx_utils/microros_static_library_ide/libmicroros/libmicroros.a(libstd_msgs__rosidl_typesupport_c-int32__type_support.cpp.obj) (rosidl_typesupport_introspection_c__get_message_type_support_handle__std_msgs__msg__Int32)
../micro_ros_stm32cubemx_utils/microros_static_library_ide/libmicroros/libmicroros.a(libstd_msgs__rosidl_typesupport_microxrcedds_c-int32__type_support_c.c.obj)
                              ../micro_ros_stm32cubemx_utils/microros_static_library_ide/libmicroros/libmicroros.a(libstd_msgs__rosidl_typesupport_c-int32__type_support.cpp.obj) (rosidl_typesupport_microxrcedds_c__get_message_type_support_handle__std_msgs__msg__Int32)
../micro_ros_stm32cubemx_utils/microros_static_library_ide/libmicroros/libmicroros.a(libmicrocdr-basic.c.obj)
                              ../micro_ros_stm32cubemx_utils/microros_static_library_ide/libmicroros/libmicroros.a(libstd_msgs__rosidl_typesupport_microxrcedds_c-int32__type_support_c.c.obj) (ucdr_serialize_int32_t)
../micro_ros_stm32cubemx_utils/microros_static_library_ide/libmicroros/libmicroros.a(libmicrocdr-common.c.obj)
                              ../micro_ros_stm32cubemx_utils/microros_static_library_ide/libmicroros/libmicroros.a(libmicrocdr-basic.c.obj) (ucdr_check_buffer_available_for)
[...]
Memory Configuration

Name             Origin             Length             Attributes
RAM              0x20000000         0x00020000         xrw
FLASH            0x08000000         0x00080000         xr
*default*        0x00000000         0xffffffff

Linker script and memory map

LOAD /home/agustin/st/stm32cubeide_1.19.0/plugins/com.st.stm32cube.ide.mcu.externaltools.gnu-tools-for-stm32.13.3.rel1.linux64_1.0.0.202410170706/tools/bin/../lib/gcc/arm-none-eabi/13.3.1/thumb/v7e-m+fp/hard/crti.o
LOAD /home/agustin/st/stm32cubeide_1.19.0/plugins/com.st.stm32cube.ide.mcu.externaltools.gnu-tools-for-stm32.13.3.rel1.linux64_1.0.0.202410170706/tools/bin/../lib/gcc/arm-none-eabi/13.3.1/thumb/v7e-m+fp/hard/crtbegin.o
LOAD /home/agustin/st/stm32cubeide_1.19.0/plugins/com.st.stm32cube.ide.mcu.externaltools.gnu-tools-for-stm32.13.3.rel1.linux64_1.0.0.202410170706/tools/bin/../lib/gcc/arm-none-eabi/13.3.1/../../../../arm-none-eabi/lib/thumb/v7e-m+fp/hard/crt0.o
LOAD ./Core/Src/custom_memory_manager.o
LOAD ./Core/Src/freertos.o
LOAD ./Core/Src/main.o
LOAD ./Core/Src/microros_allocators.o
LOAD ./Core/Src/microros_time.o
LOAD ./Core/Src/stm32f4xx_hal_msp.o
LOAD ./Core/Src/stm32f4xx_hal_timebase_tim.o
LOAD ./Core/Src/stm32f4xx_it.o
LOAD ./Core/Src/syscalls.o
LOAD ./Core/Src/sysmem.o
LOAD ./Core/Src/system_stm32f4xx.o
LOAD ./Core/Src/microros_transports/dma_transport.o
LOAD ./Core/Startup/startup_stm32f446retx.o
LOAD ./Drivers/STM32F4xx_HAL_Driver/Src/stm32f4xx_hal.o
LOAD ./Drivers/STM32F4xx_HAL_Driver/Src/stm32f4xx_hal_cortex.o
LOAD ./Drivers/STM32F4xx_HAL_Driver/Src/stm32f4xx_hal_dma.o
LOAD ./Drivers/STM32F4xx_HAL_Driver/Src/stm32f4xx_hal_dma_ex.o
LOAD ./Drivers/STM32F4xx_HAL_Driver/Src/stm32f4xx_hal_exti.o
LOAD ./Drivers/STM32F4xx_HAL_Driver/Src/stm32f4xx_hal_flash.o
LOAD ./Drivers/STM32F4xx_HAL_Driver/Src/stm32f4xx_hal_flash_ex.o
LOAD ./Drivers/STM32F4xx_HAL_Driver/Src/stm32f4xx_hal_flash_ramfunc.o
LOAD ./Drivers/STM32F4xx_HAL_Driver/Src/stm32f4xx_hal_gpio.o
LOAD ./Drivers/STM32F4xx_HAL_Driver/Src/stm32f4xx_hal_pwr.o
LOAD ./Drivers/STM32F4xx_HAL_Driver/Src/stm32f4xx_hal_pwr_ex.o
LOAD ./Drivers/STM32F4xx_HAL_Driver/Src/stm32f4xx_hal_rcc.o
LOAD ./Drivers/STM32F4xx_HAL_Driver/Src/stm32f4xx_hal_rcc_ex.o
LOAD ./Drivers/STM32F4xx_HAL_Driver/Src/stm32f4xx_hal_tim.o
LOAD ./Drivers/STM32F4xx_HAL_Driver/Src/stm32f4xx_hal_tim_ex.o
LOAD ./Drivers/STM32F4xx_HAL_Driver/Src/stm32f4xx_hal_uart.o
LOAD ./Middlewares/Third_Party/FreeRTOS/Source/CMSIS_RTOS_V2/cmsis_os2.o
LOAD ./Middlewares/Third_Party/FreeRTOS/Source/croutine.o
LOAD ./Middlewares/Third_Party/FreeRTOS/Source/event_groups.o
LOAD ./Middlewares/Third_Party/FreeRTOS/Source/list.o
LOAD ./Middlewares/Third_Party/FreeRTOS/Source/queue.o
LOAD ./Middlewares/Third_Party/FreeRTOS/Source/stream_buffer.o
LOAD ./Middlewares/Third_Party/FreeRTOS/Source/tasks.o
LOAD ./Middlewares/Third_Party/FreeRTOS/Source/timers.o
LOAD ./Middlewares/Third_Party/FreeRTOS/Source/portable/GCC/ARM_CM4F/port.o
LOAD ./Middlewares/Third_Party/FreeRTOS/Source/portable/MemMang/heap_4.o
LOAD ../micro_ros_stm32cubemx_utils/microros_static_library_ide/libmicroros/libmicroros.a
START GROUP
LOAD /home/agustin/st/stm32cubeide_1.19.0/plugins/com.st.stm32cube.ide.mcu.externaltools.gnu-tools-for-stm32.13.3.rel1.linux64_1.0.0.202410170706/tools/bin/../lib/gcc/arm-none-eabi/13.3.1/../../../../arm-none-eabi/lib/thumb/v7e-m+fp/hard/libc_nano.a
LOAD /home/agustin/st/stm32cubeide_1.19.0/plugins/com.st.stm32cube.ide.mcu.externaltools.gnu-tools-for-stm32.13.3.rel1.linux64_1.0.0.202410170706/tools/bin/../lib/gcc/arm-none-eabi/13.3.1/../../../../arm-none-eabi/lib/thumb/v7e-m+fp/hard/libm.a
END GROUP
START GROUP
LOAD /home/agustin/st/stm32cubeide_1.19.0/plugins/com.st.stm32cube.ide.mcu.externaltools.gnu-tools-for-stm32.13.3.rel1.linux64_1.0.0.202410170706/tools/bin/../lib/gcc/arm-none-eabi/13.3.1/thumb/v7e-m+fp/hard/libgcc.a
LOAD /home/agustin/st/stm32cubeide_1.19.0/plugins/com.st.stm32cube.ide.mcu.externaltools.gnu-tools-for-stm32.13.3.rel1.linux64_1.0.0.202410170706/tools/bin/../lib/gcc/arm-none-eabi/13.3.1/../../../../arm-none-eabi/lib/thumb/v7e-m+fp/hard/libc_nano.a
END GROUP
START GROUP
LOAD /home/agustin/st/stm32cubeide_1.19.0/plugins/com.st.stm32cube.ide.mcu.externaltools.gnu-tools-for-stm32.13.3.rel1.linux64_1.0.0.202410170706/tools/bin/../lib/gcc/arm-none-eabi/13.3.1/thumb/v7e-m+fp/hard/libgcc.a
LOAD /home/agustin/st/stm32cubeide_1.19.0/plugins/com.st.stm32cube.ide.mcu.externaltools.gnu-tools-for-stm32.13.3.rel1.linux64_1.0.0.202410170706/tools/bin/../lib/gcc/arm-none-eabi/13.3.1/../../../../arm-none-eabi/lib/thumb/v7e-m+fp/hard/libc_nano.a
LOAD /home/agustin/st/stm32cubeide_1.19.0/plugins/com.st.stm32cube.ide.mcu.externaltools.gnu-tools-for-stm32.13.3.rel1.linux64_1.0.0.202410170706/tools/bin/../lib/gcc/arm-none-eabi/13.3.1/../../../../arm-none-eabi/lib/thumb/v7e-m+fp/hard/libnosys.a
END GROUP
START GROUP
LOAD /home/agustin/st/stm32cubeide_1.19.0/plugins/com.st.stm32cube.ide.mcu.externaltools.gnu-tools-for-stm32.13.3.rel1.linux64_1.0.0.202410170706/tools/bin/../lib/gcc/arm-none-eabi/13.3.1/thumb/v7e-m+fp/hard/libgcc.a
LOAD /home/agustin/st/stm32cubeide_1.19.0/plugins/com.st.stm32cube.ide.mcu.externaltools.gnu-tools-for-stm32.13.3.rel1.linux64_1.0.0.202410170706/tools/bin/../lib/gcc/arm-none-eabi/13.3.1/../../../../arm-none-eabi/lib/thumb/v7e-m+fp/hard/libc_nano.a
LOAD /home/agustin/st/stm32cubeide_1.19.0/plugins/com.st.stm32cube.ide.mcu.externaltools.gnu-tools-for-stm32.13.3.rel1.linux64_1.0.0.202410170706/tools/bin/../lib/gcc/arm-none-eabi/13.3.1/../../../../arm-none-eabi/lib/thumb/v7e-m+fp/hard/libnosys.a
END GROUP
LOAD /home/agustin/st/stm32cubeide_1.19.0/plugins/com.st.stm32cube.ide.mcu.externaltools.gnu-tools-for-stm32.13.3.rel1.linux64_1.0.0.202410170706/tools/bin/../lib/gcc/arm-none-eabi/13.3.1/thumb/v7e-m+fp/hard/crtend.o
LOAD /home/agustin/st/stm32cubeide_1.19.0/plugins/com.st.stm32cube.ide.mcu.externaltools.gnu-tools-for-stm32.13.3.rel1.linux64_1.0.0.202410170706/tools/bin/../lib/gcc/arm-none-eabi/13.3.1/thumb/v7e-m+fp/hard/crtn.o
                0x20020000                        _estack = (ORIGIN (RAM) + LENGTH (RAM))
                0x00000200                        _Min_Heap_Size = 0x200
                0x00000400                        _Min_Stack_Size = 0x400

.isr_vector     0x08000000      0x1c4
                0x08000000                        . = ALIGN (0x4)
 *(.isr_vector)
 .isr_vector    0x08000000      0x1c4 ./Core/Startup/startup_stm32f446retx.o
                0x08000000                g_pfnVectors
                0x080001c4                        . = ALIGN (0x4)

.text           0x080001d0    0x11770
                0x080001d0                        . = ALIGN (0x4)
 *(.text)
 .text          0x080001d0       0x40 /home/agustin/st/stm32cubeide_1.19.0/plugins/com.st.stm32cube.ide.mcu.externaltools.gnu-tools-for-stm32.13.3.rel1.linux64_1.0.0.202410170706/tools/bin/../lib/gcc/arm-none-eabi/13.3.1/thumb/v7e-m+fp/hard/crtbegin.o
 .text          0x08000210       0x14 /home/agustin/st/stm32cubeide_1.19.0/plugins/com.st.stm32cube.ide.mcu.externaltools.gnu-tools-for-stm32.13.3.rel1.linux64_1.0.0.202410170706/tools/bin/../lib/gcc/arm-none-eabi/13.3.1/../../../../arm-none-eabi/lib/thumb/v7e-m+fp/hard/libc_nano.a(libc_a-strcmp.o)
                0x08000210                strcmp
 .text          0x08000224       0x10 /home/agustin/st/stm32cubeide_1.19.0/plugins/com.st.stm32cube.ide.mcu.externaltools.gnu-tools-for-stm32.13.3.rel1.linux64_1.0.0.202410170706/tools/bin/../lib/gcc/arm-none-eabi/13.3.1/../../../../arm-none-eabi/lib/thumb/v7e-m+fp/hard/libc_nano.a(libc_a-strlen.o)
                0x08000224                strlen
 *fill*         0x08000234        0xc 
 .text          0x08000240       0xa0 /home/agustin/st/stm32cubeide_1.19.0/plugins/com.st.stm32cube.ide.mcu.externaltools.gnu-tools-for-stm32.13.3.rel1.linux64_1.0.0.202410170706/tools/bin/../lib/gcc/arm-none-eabi/13.3.1/../../../../arm-none-eabi/lib/thumb/v7e-m+fp/hard/libc_nano.a(libc_a-memchr.o)
                0x08000240                memchr
 .text          0x080002e0       0xa0 /home/agustin/st/stm32cubeide_1.19.0/plugins/com.st.stm32cube.ide.mcu.externaltools.gnu-tools-for-stm32.13.3.rel1.linux64_1.0.0.202410170706/tools/bin/../lib/gcc/arm-none-eabi/13.3.1/thumb/v7e-m+fp/hard/libgcc.a(_aeabi_ldivmod.o)
                0x080002e0                __aeabi_ldivmod
 .text          0x08000380       0x30 /home/agustin/st/stm32cubeide_1.19.0/plugins/com.st.stm32cube.ide.mcu.externaltools.gnu-tools-for-stm32.13.3.rel1.linux64_1.0.0.202410170706/tools/bin/../lib/gcc/arm-none-eabi/13.3.1/thumb/v7e-m+fp/hard/libgcc.a(_aeabi_uldivmod.o)
                0x08000380                __aeabi_uldivmod
 .text          0x080003b0      0x2f8 /home/agustin/st/stm32cubeide_1.19.0/plugins/com.st.stm32cube.ide.mcu.externaltools.gnu-tools-for-stm32.13.3.rel1.linux64_1.0.0.202410170706/tools/bin/../lib/gcc/arm-none-eabi/13.3.1/thumb/v7e-m+fp/hard/libgcc.a(_udivmoddi4.o)
                0x080003b0                __udivmoddi4
 .text          0x080006a8        0x4 /home/agustin/st/stm32cubeide_1.19.0/plugins/com.st.stm32cube.ide.mcu.externaltools.gnu-tools-for-stm32.13.3.rel1.linux64_1.0.0.202410170706/tools/bin/../lib/gcc/arm-none-eabi/13.3.1/thumb/v7e-m+fp/hard/libgcc.a(_dvmd_tls.o)
                0x080006a8                __aeabi_ldiv0
                0x080006a8                __aeabi_idiv0
 *(.text*)
 .text.pvPortMallocMicroROS
                0x080006ac      0x190 ./Core/Src/custom_memory_manager.o
                0x080006ac                pvPortMallocMicroROS
 .text.vPortFreeMicroROS
                0x0800083c       0xb8 ./Core/Src/custom_memory_manager.o
                0x0800083c                vPortFreeMicroROS
 .text.getBlockSize
                0x080008f4       0x3c ./Core/Src/custom_memory_manager.o
                0x080008f4                getBlockSize
 .text.pvPortReallocMicroROS
                0x08000930       0x5a ./Core/Src/custom_memory_manager.o
                0x08000930                pvPortReallocMicroROS
 .text.pvPortCallocMicroROS
                0x0800098a       0x48 ./Core/Src/custom_memory_manager.o
                0x0800098a                pvPortCallocMicroROS
 *fill*         0x080009d2        0x2 
 .text.prvHeapInit
                0x080009d4       0xc4 ./Core/Src/custom_memory_manager.o
 .text.prvInsertBlockIntoFreeList
                0x08000a98       0xb4 ./Core/Src/custom_memory_manager.o
 .text.main     0x08000b4c       0x40 ./Core/Src/main.o
                0x08000b4c                main
 .text.SystemClock_Config
                0x08000b8c       0xdc ./Core/Src/main.o
                0x08000b8c                SystemClock_Config
 .text.MX_USART2_UART_Init
                0x08000c68       0x54 ./Core/Src/main.o
 .text.MX_DMA_Init
                0x08000cbc       0x50 ./Core/Src/main.o
 .text.MX_GPIO_Init
                0x08000d0c       0xdc ./Core/Src/main.o
 .text.StartDefaultTask
                0x08000de8      0x114 ./Core/Src/main.o
                0x08000de8                StartDefaultTask
 .text.HAL_TIM_PeriodElapsedCallback
                0x08000efc       0x24 ./Core/Src/main.o
                0x08000efc                HAL_TIM_PeriodElapsedCallback
 .text.Error_Handler
                0x08000f20        0xc ./Core/Src/main.o
                0x08000f20                Error_Handler
 .text.microros_allocate
                0x08000f2c       0x44 ./Core/Src/microros_allocators.o
                0x08000f2c                microros_allocate
 .text.microros_deallocate
                0x08000f70       0x38 ./Core/Src/microros_allocators.o
                0x08000f70                microros_deallocate
 .text.microros_reallocate
                0x08000fa8       0x6c ./Core/Src/microros_allocators.o
                0x08000fa8                microros_reallocate
 .text.microros_zero_allocate
                0x08001014       0x50 ./Core/Src/microros_allocators.o
                0x08001014                microros_zero_allocate
 *fill*         0x08001064        0x4 
 .text.UTILS_NanosecondsToTimespec
                0x08001068       0xa0 ./Core/Src/microros_time.o
                0x08001068                UTILS_NanosecondsToTimespec
 .text.clock_gettime
                0x08001108       0xee ./Core/Src/microros_time.o
                0x08001108                clock_gettime
 *fill*         0x080011f6        0x2 
 .text.HAL_MspInit
                0x080011f8       0x58 ./Core/Src/stm32f4xx_hal_msp.o
                0x080011f8                HAL_MspInit
 .text.HAL_UART_MspInit
                0x08001250      0x170 ./Core/Src/stm32f4xx_hal_msp.o
                0x08001250                HAL_UART_MspInit
 .text.HAL_InitTick
                0x080013c0       0xe4 ./Core/Src/stm32f4xx_hal_timebase_tim.o
                0x080013c0                HAL_InitTick
 .text.NMI_Handler
                0x080014a4        0x8 ./Core/Src/stm32f4xx_it.o
                0x080014a4                NMI_Handler
 .text.HardFault_Handler
                0x080014ac        0x8 ./Core/Src/stm32f4xx_it.o
                0x080014ac                HardFault_Handler
 .text.MemManage_Handler
                0x080014b4        0x8 ./Core/Src/stm32f4xx_it.o
                0x080014b4                MemManage_Handler
 .text.BusFault_Handler
                0x080014bc        0x8 ./Core/Src/stm32f4xx_it.o
                0x080014bc                BusFault_Handler
 .text.UsageFault_Handler
                0x080014c4        0x8 ./Core/Src/stm32f4xx_it.o
                0x080014c4                UsageFault_Handler
 .text.DebugMon_Handler
                0x080014cc        0xe ./Core/Src/stm32f4xx_it.o
                0x080014cc                DebugMon_Handler
 *fill*         0x080014da        0x2 
 .text.DMA1_Stream5_IRQHandler
                0x080014dc       0x14 ./Core/Src/stm32f4xx_it.o
                0x080014dc                DMA1_Stream5_IRQHandler
 .text.DMA1_Stream6_IRQHandler
                0x080014f0       0x14 ./Core/Src/stm32f4xx_it.o
                0x080014f0                DMA1_Stream6_IRQHandler
 .text.TIM1_UP_TIM10_IRQHandler
                0x08001504       0x14 ./Core/Src/stm32f4xx_it.o
                0x08001504                TIM1_UP_TIM10_IRQHandler
 .text.USART2_IRQHandler
                0x08001518       0x14 ./Core/Src/stm32f4xx_it.o
                0x08001518                USART2_IRQHandler
 .text._getpid  0x0800152c       0x10 ./Core/Src/syscalls.o
                0x0800152c                _getpid
 .text._kill    0x0800153c       0x20 ./Core/Src/syscalls.o
                0x0800153c                _kill
 .text._exit    0x0800155c       0x16 ./Core/Src/syscalls.o
                0x0800155c                _exit
 .text._read    0x08001572       0x3a ./Core/Src/syscalls.o
                0x08001572                _read
 .text._write   0x080015ac       0x38 ./Core/Src/syscalls.o
                0x080015ac                _write
 .text._close   0x080015e4       0x18 ./Core/Src/syscalls.o
                0x080015e4                _close
 .text._fstat   0x080015fc       0x20 ./Core/Src/syscalls.o
                0x080015fc                _fstat
 .text._isatty  0x0800161c       0x16 ./Core/Src/syscalls.o
                0x0800161c                _isatty
 .text._lseek   0x08001632       0x1a ./Core/Src/syscalls.o
                0x08001632                _lseek
 .text._sbrk    0x0800164c       0x6c ./Core/Src/sysmem.o
                0x0800164c                _sbrk
 .text.SystemInit
                0x080016b8       0x24 ./Core/Src/system_stm32f4xx.o
                0x080016b8                SystemInit
 .text.cubemx_transport_open
                0x080016dc       0x2c ./Core/Src/microros_transports/dma_transport.o
                0x080016dc                cubemx_transport_open
 .text.cubemx_transport_close
                0x08001708       0x20 ./Core/Src/microros_transports/dma_transport.o
                0x08001708                cubemx_transport_close
 .text.cubemx_transport_write
                0x08001728       0x66 ./Core/Src/microros_transports/dma_transport.o
                0x08001728                cubemx_transport_write
 *fill*         0x0800178e        0x2 
 .text.cubemx_transport_read
                0x08001790       0xa8 ./Core/Src/microros_transports/dma_transport.o
                0x08001790                cubemx_transport_read
 .text.Reset_Handler
                0x08001838       0x50 ./Core/Startup/startup_stm32f446retx.o
                0x08001838                Reset_Handler
 .text.Default_Handler
                0x08001888        0x2 ./Core/Startup/startup_stm32f446retx.o
                0x08001888                RTC_Alarm_IRQHandler
                0x08001888                EXTI2_IRQHandler
                0x08001888                TIM8_CC_IRQHandler
                0x08001888                FMPI2C1_EV_IRQHandler
                0x08001888                SPI4_IRQHandler
                0x08001888                TIM1_CC_IRQHandler
                0x08001888                DMA2_Stream5_IRQHandler
                0x08001888                PVD_IRQHandler
                0x08001888                SDIO_IRQHandler
                0x08001888                TAMP_STAMP_IRQHandler
                0x08001888                CAN2_RX1_IRQHandler
                0x08001888                EXTI3_IRQHandler
                0x08001888                TIM8_TRG_COM_TIM14_IRQHandler
                0x08001888                TIM8_UP_TIM13_IRQHandler
                0x08001888                I2C3_ER_IRQHandler
                0x08001888                EXTI0_IRQHandler
                0x08001888                I2C2_EV_IRQHandler
                0x08001888                DMA1_Stream2_IRQHandler
                0x08001888                CAN1_RX0_IRQHandler
                0x08001888                FPU_IRQHandler
                0x08001888                OTG_HS_WKUP_IRQHandler
                0x08001888                CAN2_SCE_IRQHandler
                0x08001888                DMA2_Stream2_IRQHandler
                0x08001888                SPI1_IRQHandler
                0x08001888                TIM6_DAC_IRQHandler
                0x08001888                TIM1_BRK_TIM9_IRQHandler
                0x08001888                DCMI_IRQHandler
                0x08001888                CAN2_RX0_IRQHandler
                0x08001888                DMA2_Stream3_IRQHandler
                0x08001888                SAI2_IRQHandler
                0x08001888                USART6_IRQHandler
                0x08001888                USART3_IRQHandler
                0x08001888                CAN1_RX1_IRQHandler
                0x08001888                UART5_IRQHandler
                0x08001888                DMA2_Stream0_IRQHandler
                0x08001888                TIM4_IRQHandler
                0x08001888                QUADSPI_IRQHandler
                0x08001888                I2C1_EV_IRQHandler
                0x08001888                DMA1_Stream1_IRQHandler
                0x08001888                UART4_IRQHandler
                0x08001888                TIM3_IRQHandler
                0x08001888                RCC_IRQHandler
                0x08001888                TIM8_BRK_TIM12_IRQHandler
                0x08001888                Default_Handler
                0x08001888                CEC_IRQHandler
                0x08001888                EXTI15_10_IRQHandler
                0x08001888                ADC_IRQHandler
                0x08001888                DMA1_Stream7_IRQHandler
                0x08001888                TIM7_IRQHandler
                0x08001888                CAN2_TX_IRQHandler
                0x08001888                TIM5_IRQHandler
                0x08001888                DMA2_Stream7_IRQHandler
                0x08001888                I2C3_EV_IRQHandler
                0x08001888                EXTI9_5_IRQHandler
                0x08001888                RTC_WKUP_IRQHandler
                0x08001888                SPDIF_RX_IRQHandler
                0x08001888                SPI2_IRQHandler
                0x08001888                OTG_HS_EP1_IN_IRQHandler
                0x08001888                DMA1_Stream0_IRQHandler
                0x08001888                CAN1_TX_IRQHandler
                0x08001888                FMPI2C1_ER_IRQHandler
                0x08001888                EXTI4_IRQHandler
                0x08001888                OTG_HS_EP1_OUT_IRQHandler
                0x08001888                WWDG_IRQHandler
                0x08001888                TIM2_IRQHandler
                0x08001888                OTG_FS_WKUP_IRQHandler
                0x08001888                TIM1_TRG_COM_TIM11_IRQHandler
                0x08001888                OTG_HS_IRQHandler
                0x08001888                EXTI1_IRQHandler
                0x08001888                I2C2_ER_IRQHandler
                0x08001888                DMA2_Stream1_IRQHandler
                0x08001888                CAN1_SCE_IRQHandler
                0x08001888                FLASH_IRQHandler
                0x08001888                DMA2_Stream4_IRQHandler
                0x08001888                USART1_IRQHandler
                0x08001888                OTG_FS_IRQHandler
                0x08001888                SPI3_IRQHandler
                0x08001888                DMA1_Stream4_IRQHandler
                0x08001888                I2C1_ER_IRQHandler
                0x08001888                FMC_IRQHandler
                0x08001888                DMA2_Stream6_IRQHandler
                0x08001888                SAI1_IRQHandler
                0x08001888                DMA1_Stream3_IRQHandler
 *fill*         0x0800188a        0x2 
 .text.HAL_Init
                0x0800188c       0x44 ./Drivers/STM32F4xx_HAL_Driver/Src/stm32f4xx_hal.o
                0x0800188c                HAL_Init
 .text.HAL_IncTick
                0x080018d0       0x28 ./Drivers/STM32F4xx_HAL_Driver/Src/stm32f4xx_hal.o
                0x080018d0                HAL_IncTick
 .text.HAL_GetTick
                0x080018f8       0x18 ./Drivers/STM32F4xx_HAL_Driver/Src/stm32f4xx_hal.o
                0x080018f8                HAL_GetTick
 .text.__NVIC_SetPriorityGrouping
                0x08001910       0x48 ./Drivers/STM32F4xx_HAL_Driver/Src/stm32f4xx_hal_cortex.o
 .text.__NVIC_GetPriorityGrouping
                0x08001958       0x1c ./Drivers/STM32F4xx_HAL_Driver/Src/stm32f4xx_hal_cortex.o
 .text.__NVIC_EnableIRQ
                0x08001974       0x3c ./Drivers/STM32F4xx_HAL_Driver/Src/stm32f4xx_hal_cortex.o
 .text.__NVIC_SetPriority
                0x080019b0       0x54 ./Drivers/STM32F4xx_HAL_Driver/Src/stm32f4xx_hal_cortex.o
 .text.NVIC_EncodePriority
                0x08001a04       0x66 ./Drivers/STM32F4xx_HAL_Driver/Src/stm32f4xx_hal_cortex.o
 .text.HAL_NVIC_SetPriorityGrouping
                0x08001a6a       0x16 ./Drivers/STM32F4xx_HAL_Driver/Src/stm32f4xx_hal_cortex.o
                0x08001a6a                HAL_NVIC_SetPriorityGrouping
 .text.HAL_NVIC_SetPriority
                0x08001a80       0x38 ./Drivers/STM32F4xx_HAL_Driver/Src/stm32f4xx_hal_cortex.o
                0x08001a80                HAL_NVIC_SetPriority
 .text.HAL_NVIC_EnableIRQ
                0x08001ab8       0x1c ./Drivers/STM32F4xx_HAL_Driver/Src/stm32f4xx_hal_cortex.o
                0x08001ab8                HAL_NVIC_EnableIRQ
 .text.HAL_DMA_Init
                0x08001ad4      0x15c ./Drivers/STM32F4xx_HAL_Driver/Src/stm32f4xx_hal_dma.o
                0x08001ad4                HAL_DMA_Init
 .text.HAL_DMA_Start_IT
                0x08001c30       0xb0 ./Drivers/STM32F4xx_HAL_Driver/Src/stm32f4xx_hal_dma.o
                0x08001c30                HAL_DMA_Start_IT
 .text.HAL_DMA_Abort
                0x08001ce0       0xe0 ./Drivers/STM32F4xx_HAL_Driver/Src/stm32f4xx_hal_dma.o
                0x08001ce0                HAL_DMA_Abort
 .text.HAL_DMA_Abort_IT
                0x08001dc0       0x44 ./Drivers/STM32F4xx_HAL_Driver/Src/stm32f4xx_hal_dma.o
                0x08001dc0                HAL_DMA_Abort_IT
 .text.HAL_DMA_IRQHandler
                0x08001e04      0x314 ./Drivers/STM32F4xx_HAL_Driver/Src/stm32f4xx_hal_dma.o
                0x08001e04                HAL_DMA_IRQHandler
 .text.DMA_SetConfig
                0x08002118       0x5c ./Drivers/STM32F4xx_HAL_Driver/Src/stm32f4xx_hal_dma.o
 .text.DMA_CalcBaseAndBitshift
                0x08002174       0x6c ./Drivers/STM32F4xx_HAL_Driver/Src/stm32f4xx_hal_dma.o
 .text.DMA_CheckFifoParam
                0x080021e0       0xf8 ./Drivers/STM32F4xx_HAL_Driver/Src/stm32f4xx_hal_dma.o
 .text.HAL_GPIO_Init
                0x080022d8      0x328 ./Drivers/STM32F4xx_HAL_Driver/Src/stm32f4xx_hal_gpio.o
                0x080022d8                HAL_GPIO_Init
 .text.HAL_GPIO_WritePin
                0x08002600       0x32 ./Drivers/STM32F4xx_HAL_Driver/Src/stm32f4xx_hal_gpio.o
                0x08002600                HAL_GPIO_WritePin
 *fill*         0x08002632        0x2 
 .text.HAL_RCC_ClockConfig
                0x08002634      0x1cc ./Drivers/STM32F4xx_HAL_Driver/Src/stm32f4xx_hal_rcc.o
                0x08002634                HAL_RCC_ClockConfig
 .text.HAL_RCC_GetHCLKFreq
                0x08002800       0x18 ./Drivers/STM32F4xx_HAL_Driver/Src/stm32f4xx_hal_rcc.o
                0x08002800                HAL_RCC_GetHCLKFreq
 .text.HAL_RCC_GetPCLK1Freq
                0x08002818       0x28 ./Drivers/STM32F4xx_HAL_Driver/Src/stm32f4xx_hal_rcc.o
                0x08002818                HAL_RCC_GetPCLK1Freq
 .text.HAL_RCC_GetPCLK2Freq
                0x08002840       0x28 ./Drivers/STM32F4xx_HAL_Driver/Src/stm32f4xx_hal_rcc.o
                0x08002840                HAL_RCC_GetPCLK2Freq
 .text.HAL_RCC_GetClockConfig
                0x08002868       0x64 ./Drivers/STM32F4xx_HAL_Driver/Src/stm32f4xx_hal_rcc.o
                0x08002868                HAL_RCC_GetClockConfig
 .text.HAL_RCC_GetSysClockFreq
                0x080028cc      0x460 ./Drivers/STM32F4xx_HAL_Driver/Src/stm32f4xx_hal_rcc_ex.o
                0x080028cc                HAL_RCC_GetSysClockFreq
 .text.HAL_RCC_OscConfig
                0x08002d2c      0x53c ./Drivers/STM32F4xx_HAL_Driver/Src/stm32f4xx_hal_rcc_ex.o
                0x08002d2c                HAL_RCC_OscConfig
 .text.HAL_TIM_Base_Init
                0x08003268       0x9e ./Drivers/STM32F4xx_HAL_Driver/Src/stm32f4xx_hal_tim.o
                0x08003268                HAL_TIM_Base_Init
 .text.HAL_TIM_Base_MspInit
                0x08003306       0x14 ./Drivers/STM32F4xx_HAL_Driver/Src/stm32f4xx_hal_tim.o
                0x08003306                HAL_TIM_Base_MspInit
 *fill*         0x0800331a        0x2 
 .text.HAL_TIM_Base_Start_IT
                0x0800331c       0xe0 ./Drivers/STM32F4xx_HAL_Driver/Src/stm32f4xx_hal_tim.o
                0x0800331c                HAL_TIM_Base_Start_IT
 .text.HAL_TIM_IRQHandler
                0x080033fc      0x1e0 ./Drivers/STM32F4xx_HAL_Driver/Src/stm32f4xx_hal_tim.o
                0x080033fc                HAL_TIM_IRQHandler
 .text.HAL_TIM_OC_DelayElapsedCallback
                0x080035dc       0x14 ./Drivers/STM32F4xx_HAL_Driver/Src/stm32f4xx_hal_tim.o
                0x080035dc                HAL_TIM_OC_DelayElapsedCallback
 .text.HAL_TIM_IC_CaptureCallback
                0x080035f0       0x14 ./Drivers/STM32F4xx_HAL_Driver/Src/stm32f4xx_hal_tim.o
                0x080035f0                HAL_TIM_IC_CaptureCallback
 .text.HAL_TIM_PWM_PulseFinishedCallback
                0x08003604       0x14 ./Drivers/STM32F4xx_HAL_Driver/Src/stm32f4xx_hal_tim.o
                0x08003604                HAL_TIM_PWM_PulseFinishedCallback
 .text.HAL_TIM_TriggerCallback
                0x08003618       0x14 ./Drivers/STM32F4xx_HAL_Driver/Src/stm32f4xx_hal_tim.o
                0x08003618                HAL_TIM_TriggerCallback
 .text.TIM_Base_SetConfig
                0x0800362c      0x14c ./Drivers/STM32F4xx_HAL_Driver/Src/stm32f4xx_hal_tim.o
                0x0800362c                TIM_Base_SetConfig
 .text.HAL_TIMEx_CommutCallback
                0x08003778       0x14 ./Drivers/STM32F4xx_HAL_Driver/Src/stm32f4xx_hal_tim_ex.o
                0x08003778                HAL_TIMEx_CommutCallback
 .text.HAL_TIMEx_BreakCallback
                0x0800378c       0x14 ./Drivers/STM32F4xx_HAL_Driver/Src/stm32f4xx_hal_tim_ex.o
                0x0800378c                HAL_TIMEx_BreakCallback
 .text.HAL_UART_Init
                0x080037a0       0xa0 ./Drivers/STM32F4xx_HAL_Driver/Src/stm32f4xx_hal_uart.o
                0x080037a0                HAL_UART_Init
 .text.HAL_UART_Transmit_DMA
                0x08003840       0xf8 ./Drivers/STM32F4xx_HAL_Driver/Src/stm32f4xx_hal_uart.o
                0x08003840                HAL_UART_Transmit_DMA
 .text.HAL_UART_Receive_DMA
                0x08003938       0x4a ./Drivers/STM32F4xx_HAL_Driver/Src/stm32f4xx_hal_uart.o
                0x08003938                HAL_UART_Receive_DMA
 .text.HAL_UART_DMAStop
                0x08003982       0xfe ./Drivers/STM32F4xx_HAL_Driver/Src/stm32f4xx_hal_uart.o
                0x08003982                HAL_UART_DMAStop
 .text.HAL_UART_IRQHandler
                0x08003a80      0x554 ./Drivers/STM32F4xx_HAL_Driver/Src/stm32f4xx_hal_uart.o
                0x08003a80                HAL_UART_IRQHandler
 .text.HAL_UART_TxCpltCallback
                0x08003fd4       0x14 ./Drivers/STM32F4xx_HAL_Driver/Src/stm32f4xx_hal_uart.o
                0x08003fd4                HAL_UART_TxCpltCallback
 .text.HAL_UART_TxHalfCpltCallback
                0x08003fe8       0x14 ./Drivers/STM32F4xx_HAL_Driver/Src/stm32f4xx_hal_uart.o
                0x08003fe8                HAL_UART_TxHalfCpltCallback
 .text.HAL_UART_RxCpltCallback
                0x08003ffc       0x14 ./Drivers/STM32F4xx_HAL_Driver/Src/stm32f4xx_hal_uart.o
                0x08003ffc                HAL_UART_RxCpltCallback
 .text.HAL_UART_RxHalfCpltCallback
                0x08004010       0x14 ./Drivers/STM32F4xx_HAL_Driver/Src/stm32f4xx_hal_uart.o
                0x08004010                HAL_UART_RxHalfCpltCallback
 .text.HAL_UART_ErrorCallback
                0x08004024       0x14 ./Drivers/STM32F4xx_HAL_Driver/Src/stm32f4xx_hal_uart.o
                0x08004024                HAL_UART_ErrorCallback
 .text.HAL_UARTEx_RxEventCallback
                0x08004038       0x18 ./Drivers/STM32F4xx_HAL_Driver/Src/stm32f4xx_hal_uart.o
                0x08004038                HAL_UARTEx_RxEventCallback
 .text.UART_DMATransmitCplt
                0x08004050       0x9a ./Drivers/STM32F4xx_HAL_Driver/Src/stm32f4xx_hal_uart.o
 .text.UART_DMATxHalfCplt
                0x080040ea       0x1c ./Drivers/STM32F4xx_HAL_Driver/Src/stm32f4xx_hal_uart.o
 .text.UART_DMAReceiveCplt
                0x08004106      0x12c ./Drivers/STM32F4xx_HAL_Driver/Src/stm32f4xx_hal_uart.o
 .text.UART_DMARxHalfCplt
                0x08004232       0x3c ./Drivers/STM32F4xx_HAL_Driver/Src/stm32f4xx_hal_uart.o
 .text.UART_DMAError
                0x0800426e       0x94 ./Drivers/STM32F4xx_HAL_Driver/Src/stm32f4xx_hal_uart.o
 *fill*         0x08004302        0x2 
 .text.UART_Start_Receive_DMA
                0x08004304      0x14c ./Drivers/STM32F4xx_HAL_Driver/Src/stm32f4xx_hal_uart.o
                0x08004304                UART_Start_Receive_DMA
 .text.UART_EndTxTransfer
                0x08004450       0x50 ./Drivers/STM32F4xx_HAL_Driver/Src/stm32f4xx_hal_uart.o
 .text.UART_EndRxTransfer
                0x080044a0       0xc6 ./Drivers/STM32F4xx_HAL_Driver/Src/stm32f4xx_hal_uart.o
 .text.UART_DMAAbortOnError
                0x08004566       0x22 ./Drivers/STM32F4xx_HAL_Driver/Src/stm32f4xx_hal_uart.o
 .text.UART_Transmit_IT
                0x08004588       0xa0 ./Drivers/STM32F4xx_HAL_Driver/Src/stm32f4xx_hal_uart.o
 .text.UART_EndTransmit_IT
                0x08004628       0x30 ./Drivers/STM32F4xx_HAL_Driver/Src/stm32f4xx_hal_uart.o
 .text.UART_Receive_IT
                0x08004658      0x17c ./Drivers/STM32F4xx_HAL_Driver/Src/stm32f4xx_hal_uart.o
 .text.UART_SetConfig
                0x080047d4      0x4e8 ./Drivers/STM32F4xx_HAL_Driver/Src/stm32f4xx_hal_uart.o
 .text.__NVIC_SetPriority
                0x08004cbc       0x54 ./Middlewares/Third_Party/FreeRTOS/Source/CMSIS_RTOS_V2/cmsis_os2.o
 .text.SysTick_Handler
                0x08004d10       0x20 ./Middlewares/Third_Party/FreeRTOS/Source/CMSIS_RTOS_V2/cmsis_os2.o
                0x08004d10                SysTick_Handler
 .text.SVC_Setup
                0x08004d30       0x12 ./Middlewares/Third_Party/FreeRTOS/Source/CMSIS_RTOS_V2/cmsis_os2.o
 *fill*         0x08004d42        0x2 
 .text.osKernelInitialize
                0x08004d44       0x48 ./Middlewares/Third_Party/FreeRTOS/Source/CMSIS_RTOS_V2/cmsis_os2.o
                0x08004d44                osKernelInitialize
 .text.osKernelStart
                0x08004d8c       0x4c ./Middlewares/Third_Party/FreeRTOS/Source/CMSIS_RTOS_V2/cmsis_os2.o
                0x08004d8c                osKernelStart
 .text.osThreadNew
                0x08004dd8      0x124 ./Middlewares/Third_Party/FreeRTOS/Source/CMSIS_RTOS_V2/cmsis_os2.o
                0x08004dd8                osThreadNew
 .text.osDelay  0x08004efc       0x36 ./Middlewares/Third_Party/FreeRTOS/Source/CMSIS_RTOS_V2/cmsis_os2.o
                0x08004efc                osDelay
 *fill*         0x08004f32        0x2 
 .text.vApplicationGetIdleTaskMemory
                0x08004f34       0x34 ./Middlewares/Third_Party/FreeRTOS/Source/CMSIS_RTOS_V2/cmsis_os2.o
                0x08004f34                vApplicationGetIdleTaskMemory
 .text.vApplicationGetTimerTaskMemory
                0x08004f68       0x34 ./Middlewares/Third_Party/FreeRTOS/Source/CMSIS_RTOS_V2/cmsis_os2.o
                0x08004f68                vApplicationGetTimerTaskMemory
 .text.vListInitialise
                0x08004f9c       0x40 ./Middlewares/Third_Party/FreeRTOS/Source/list.o
                0x08004f9c                vListInitialise
 .text.vListInitialiseItem
                0x08004fdc       0x1a ./Middlewares/Third_Party/FreeRTOS/Source/list.o
                0x08004fdc                vListInitialiseItem
 .text.vListInsertEnd
                0x08004ff6       0x48 ./Middlewares/Third_Party/FreeRTOS/Source/list.o
                0x08004ff6                vListInsertEnd
 .text.vListInsert
                0x0800503e       0x72 ./Middlewares/Third_Party/FreeRTOS/Source/list.o
                0x0800503e                vListInsert
 .text.uxListRemove
                0x080050b0       0x54 ./Middlewares/Third_Party/FreeRTOS/Source/list.o
                0x080050b0                uxListRemove
 .text.xQueueGenericReset
                0x08005104       0xd4 ./Middlewares/Third_Party/FreeRTOS/Source/queue.o
                0x08005104                xQueueGenericReset
 .text.xQueueGenericCreateStatic
                0x080051d8       0xfa ./Middlewares/Third_Party/FreeRTOS/Source/queue.o
                0x080051d8                xQueueGenericCreateStatic
 .text.prvInitialiseNewQueue
                0x080052d2       0x46 ./Middlewares/Third_Party/FreeRTOS/Source/queue.o
 .text.xQueueGenericSend
                0x08005318      0x204 ./Middlewares/Third_Party/FreeRTOS/Source/queue.o
                0x08005318                xQueueGenericSend
 .text.xQueueGenericSendFromISR
                0x0800551c      0x13c ./Middlewares/Third_Party/FreeRTOS/Source/queue.o
                0x0800551c                xQueueGenericSendFromISR
 .text.xQueueReceive
                0x08005658      0x1c4 ./Middlewares/Third_Party/FreeRTOS/Source/queue.o
                0x08005658                xQueueReceive
 .text.prvCopyDataToQueue
                0x0800581c       0xd4 ./Middlewares/Third_Party/FreeRTOS/Source/queue.o
 .text.prvCopyDataFromQueue
                0x080058f0       0x4c ./Middlewares/Third_Party/FreeRTOS/Source/queue.o
 .text.prvUnlockQueue
                0x0800593c       0xa4 ./Middlewares/Third_Party/FreeRTOS/Source/queue.o
 .text.prvIsQueueEmpty
                0x080059e0       0x2c ./Middlewares/Third_Party/FreeRTOS/Source/queue.o
 .text.prvIsQueueFull
                0x08005a0c       0x30 ./Middlewares/Third_Party/FreeRTOS/Source/queue.o
 .text.vQueueAddToRegistry
                0x08005a3c       0x54 ./Middlewares/Third_Party/FreeRTOS/Source/queue.o
                0x08005a3c                vQueueAddToRegistry
 .text.vQueueWaitForMessageRestricted
                0x08005a90       0x68 ./Middlewares/Third_Party/FreeRTOS/Source/queue.o
                0x08005a90                vQueueWaitForMessageRestricted
 .text.xTaskCreateStatic
                0x08005af8       0xc0 ./Middlewares/Third_Party/FreeRTOS/Source/tasks.o
                0x08005af8                xTaskCreateStatic
 .text.xTaskCreate
                0x08005bb8       0x8a ./Middlewares/Third_Party/FreeRTOS/Source/tasks.o
                0x08005bb8                xTaskCreate
 .text.prvInitialiseNewTask
                0x08005c42      0x120 ./Middlewares/Third_Party/FreeRTOS/Source/tasks.o
 *fill*         0x08005d62        0x2 
 .text.prvAddNewTaskToReadyList
                0x08005d64       0xe0 ./Middlewares/Third_Party/FreeRTOS/Source/tasks.o
 .text.vTaskDelay
                0x08005e44       0x6c ./Middlewares/Third_Party/FreeRTOS/Source/tasks.o
                0x08005e44                vTaskDelay
 .text.vTaskStartScheduler
                0x08005eb0       0xd0 ./Middlewares/Third_Party/FreeRTOS/Source/tasks.o
                0x08005eb0                vTaskStartScheduler
 .text.vTaskSuspendAll
                0x08005f80       0x1c ./Middlewares/Third_Party/FreeRTOS/Source/tasks.o
                0x08005f80                vTaskSuspendAll
 .text.xTaskResumeAll
                0x08005f9c      0x13c ./Middlewares/Third_Party/FreeRTOS/Source/tasks.o
                0x08005f9c                xTaskResumeAll
 .text.xTaskGetTickCount
                0x080060d8       0x20 ./Middlewares/Third_Party/FreeRTOS/Source/tasks.o
                0x080060d8                xTaskGetTickCount
 .text.xTaskIncrementTick
                0x080060f8      0x174 ./Middlewares/Third_Party/FreeRTOS/Source/tasks.o
                0x080060f8                xTaskIncrementTick
 .text.vTaskSwitchContext
                0x0800626c       0xbc ./Middlewares/Third_Party/FreeRTOS/Source/tasks.o
                0x0800626c                vTaskSwitchContext
 .text.vTaskPlaceOnEventList
                0x08006328       0x4c ./Middlewares/Third_Party/FreeRTOS/Source/tasks.o
                0x08006328                vTaskPlaceOnEventList
 .text.vTaskPlaceOnEventListRestricted
                0x08006374       0x58 ./Middlewares/Third_Party/FreeRTOS/Source/tasks.o
                0x08006374                vTaskPlaceOnEventListRestricted
 .text.xTaskRemoveFromEventList
                0x080063cc       0xc8 ./Middlewares/Third_Party/FreeRTOS/Source/tasks.o
                0x080063cc                xTaskRemoveFromEventList
 .text.vTaskSetTimeOutState
                0x08006494       0x50 ./Middlewares/Third_Party/FreeRTOS/Source/tasks.o
                0x08006494                vTaskSetTimeOutState
 .text.vTaskInternalSetTimeOutState
                0x080064e4       0x2c ./Middlewares/Third_Party/FreeRTOS/Source/tasks.o
                0x080064e4                vTaskInternalSetTimeOutState
 .text.xTaskCheckForTimeOut
                0x08006510       0xc8 ./Middlewares/Third_Party/FreeRTOS/Source/tasks.o
                0x08006510                xTaskCheckForTimeOut
 .text.vTaskMissedYield
                0x080065d8       0x18 ./Middlewares/Third_Party/FreeRTOS/Source/tasks.o
                0x080065d8                vTaskMissedYield
 .text.prvIdleTask
                0x080065f0       0x30 ./Middlewares/Third_Party/FreeRTOS/Source/tasks.o
 .text.prvInitialiseTaskLists
                0x08006620       0x80 ./Middlewares/Third_Party/FreeRTOS/Source/tasks.o
 .text.prvCheckTasksWaitingTermination
                0x080066a0       0x5c ./Middlewares/Third_Party/FreeRTOS/Source/tasks.o
 .text.prvDeleteTCB
                0x080066fc       0x60 ./Middlewares/Third_Party/FreeRTOS/Source/tasks.o
 .text.prvResetNextTaskUnblockTime
                0x0800675c       0x40 ./Middlewares/Third_Party/FreeRTOS/Source/tasks.o
 .text.xTaskGetSchedulerState
                0x0800679c       0x3c ./Middlewares/Third_Party/FreeRTOS/Source/tasks.o
                0x0800679c                xTaskGetSchedulerState
 .text.xTaskPriorityDisinherit
                0x080067d8       0xe0 ./Middlewares/Third_Party/FreeRTOS/Source/tasks.o
                0x080067d8                xTaskPriorityDisinherit
 .text.prvAddCurrentTaskToDelayedList
                0x080068b8       0xa8 ./Middlewares/Third_Party/FreeRTOS/Source/tasks.o
 .text.xTimerCreateTimerTask
                0x08006960       0x94 ./Middlewares/Third_Party/FreeRTOS/Source/timers.o
                0x08006960                xTimerCreateTimerTask
 .text.xTimerGenericCommand
                0x080069f4       0x9c ./Middlewares/Third_Party/FreeRTOS/Source/timers.o
                0x080069f4                xTimerGenericCommand
 .text.prvProcessExpiredTimer
                0x08006a90       0x9c ./Middlewares/Third_Party/FreeRTOS/Source/timers.o
 .text.prvTimerTask
                0x08006b2c       0x26 ./Middlewares/Third_Party/FreeRTOS/Source/timers.o
 *fill*         0x08006b52        0x2 
 .text.prvProcessTimerOrBlockTask
                0x08006b54       0x9c ./Middlewares/Third_Party/FreeRTOS/Source/timers.o
 .text.prvGetNextExpireTime
                0x08006bf0       0x48 ./Middlewares/Third_Party/FreeRTOS/Source/timers.o
 .text.prvSampleTimeNow
                0x08006c38       0x40 ./Middlewares/Third_Party/FreeRTOS/Source/timers.o
 .text.prvInsertTimerInActiveList
                0x08006c78       0x84 ./Middlewares/Third_Party/FreeRTOS/Source/timers.o
 .text.prvProcessReceivedCommands
                0x08006cfc      0x1cc ./Middlewares/Third_Party/FreeRTOS/Source/timers.o
 .text.prvSwitchTimerLists
                0x08006ec8       0xcc ./Middlewares/Third_Party/FreeRTOS/Source/timers.o
 .text.prvCheckForValidListAndQueue
                0x08006f94       0x80 ./Middlewares/Third_Party/FreeRTOS/Source/timers.o
 .text.pxPortInitialiseStack
                0x08007014       0x68 ./Middlewares/Third_Party/FreeRTOS/Source/portable/GCC/ARM_CM4F/port.o
                0x08007014                pxPortInitialiseStack
 .text.prvTaskExitError
                0x0800707c       0x5c ./Middlewares/Third_Party/FreeRTOS/Source/portable/GCC/ARM_CM4F/port.o
 *fill*         0x080070d8        0x8 
 .text.SVC_Handler
                0x080070e0       0x28 ./Middlewares/Third_Party/FreeRTOS/Source/portable/GCC/ARM_CM4F/port.o
                0x080070e0                SVC_Handler
 .text.prvPortStartFirstTask
                0x08007108       0x28 ./Middlewares/Third_Party/FreeRTOS/Source/portable/GCC/ARM_CM4F/port.o
 .text.xPortStartScheduler
                0x08007130      0x148 ./Middlewares/Third_Party/FreeRTOS/Source/portable/GCC/ARM_CM4F/port.o
                0x08007130                xPortStartScheduler
 .text.vPortEnterCritical
                0x08007278       0x64 ./Middlewares/Third_Party/FreeRTOS/Source/portable/GCC/ARM_CM4F/port.o
                0x08007278                vPortEnterCritical
 .text.vPortExitCritical
                0x080072dc       0x54 ./Middlewares/Third_Party/FreeRTOS/Source/portable/GCC/ARM_CM4F/port.o
                0x080072dc                vPortExitCritical
 .text.PendSV_Handler
                0x08007330       0x68 ./Middlewares/Third_Party/FreeRTOS/Source/portable/GCC/ARM_CM4F/port.o
                0x08007330                PendSV_Handler
 .text.xPortSysTickHandler
                0x08007398       0x44 ./Middlewares/Third_Party/FreeRTOS/Source/portable/GCC/ARM_CM4F/port.o
                0x08007398                xPortSysTickHandler
 .text.vPortSetupTimerInterrupt
                0x080073dc       0x48 ./Middlewares/Third_Party/FreeRTOS/Source/portable/GCC/ARM_CM4F/port.o
                0x080073dc                vPortSetupTimerInterrupt
 .text.vPortEnableVFP
                0x08007424       0x14 ./Middlewares/Third_Party/FreeRTOS/Source/portable/GCC/ARM_CM4F/port.o
 .text.vPortValidateInterruptPriority
                0x08007438       0x84 ./Middlewares/Third_Party/FreeRTOS/Source/portable/GCC/ARM_CM4F/port.o
                0x08007438                vPortValidateInterruptPriority
 .text.pvPortMalloc
                0x080074bc      0x19c ./Middlewares/Third_Party/FreeRTOS/Source/portable/MemMang/heap_4.o
                0x080074bc                pvPortMalloc
 .text.vPortFree
                0x08007658       0xc8 ./Middlewares/Third_Party/FreeRTOS/Source/portable/MemMang/heap_4.o
                0x08007658                vPortFree
 .text.prvHeapInit
                0x08007720       0xc4 ./Middlewares/Third_Party/FreeRTOS/Source/portable/MemMang/heap_4.o
 .text.prvInsertBlockIntoFreeList
                0x080077e4       0xb4 ./Middlewares/Third_Party/FreeRTOS/Source/portable/MemMang/heap_4.o
 .text.rcl_get_zero_initialized_publisher
                0x08007898        0xc ../micro_ros_stm32cubemx_utils/microros_static_library_ide/libmicroros/libmicroros.a(librcl-publisher.c.obj)
                0x08007898                rcl_get_zero_initialized_publisher
 .text.rcl_publisher_init
                0x080078a4      0x12c ../micro_ros_stm32cubemx_utils/microros_static_library_ide/libmicroros/libmicroros.a(librcl-publisher.c.obj)
                0x080078a4                rcl_publisher_init
 .text.rcl_publisher_get_default_options
                0x080079d0       0x5c ../micro_ros_stm32cubemx_utils/microros_static_library_ide/libmicroros/libmicroros.a(librcl-publisher.c.obj)
                0x080079d0                rcl_publisher_get_default_options
 .text.rcl_publish
                0x08007a2c       0x48 ../micro_ros_stm32cubemx_utils/microros_static_library_ide/libmicroros/libmicroros.a(librcl-publisher.c.obj)
                0x08007a2c                rcl_publish
 .text.rclc_support_init
                0x08007a74       0x94 ../micro_ros_stm32cubemx_utils/microros_static_library_ide/libmicroros/libmicroros.a(librclc-init.c.obj)
                0x08007a74                rclc_support_init
 .text.rclc_node_init_default
                0x08007b08       0x78 ../micro_ros_stm32cubemx_utils/microros_static_library_ide/libmicroros/libmicroros.a(librclc-node.c.obj)
                0x08007b08                rclc_node_init_default
 .text.rclc_publisher_init_default
                0x08007b80       0x68 ../micro_ros_stm32cubemx_utils/microros_static_library_ide/libmicroros/libmicroros.a(librclc-publisher.c.obj)
                0x08007b80                rclc_publisher_init_default
 .text.__default_zero_allocate
                0x08007be8        0x4 ../micro_ros_stm32cubemx_utils/microros_static_library_ide/libmicroros/libmicroros.a(librcutils-allocator.c.obj)
 .text.__default_reallocate
                0x08007bec        0x4 ../micro_ros_stm32cubemx_utils/microros_static_library_ide/libmicroros/libmicroros.a(librcutils-allocator.c.obj)
 .text.__default_deallocate
                0x08007bf0        0x4 ../micro_ros_stm32cubemx_utils/microros_static_library_ide/libmicroros/libmicroros.a(librcutils-allocator.c.obj)
 .text.__default_allocate
                0x08007bf4        0x4 ../micro_ros_stm32cubemx_utils/microros_static_library_ide/libmicroros/libmicroros.a(librcutils-allocator.c.obj)
 .text.rcutils_get_zero_initialized_allocator
                0x08007bf8       0x1c ../micro_ros_stm32cubemx_utils/microros_static_library_ide/libmicroros/libmicroros.a(librcutils-allocator.c.obj)
                0x08007bf8                rcutils_get_zero_initialized_allocator
 .text.rcutils_set_default_allocator
                0x08007c14       0x3c ../micro_ros_stm32cubemx_utils/microros_static_library_ide/libmicroros/libmicroros.a(librcutils-allocator.c.obj)
                0x08007c14                rcutils_set_default_allocator
 .text.rcutils_get_default_allocator
                0x08007c50       0x1c ../micro_ros_stm32cubemx_utils/microros_static_library_ide/libmicroros/libmicroros.a(librcutils-allocator.c.obj)
                0x08007c50                rcutils_get_default_allocator
 .text.rcutils_allocator_is_valid
                0x08007c6c       0x1c ../micro_ros_stm32cubemx_utils/microros_static_library_ide/libmicroros/libmicroros.a(librcutils-allocator.c.obj)
                0x08007c6c                rcutils_allocator_is_valid
 .text.rcutils_get_error_string
                0x08007c88       0x2c ../micro_ros_stm32cubemx_utils/microros_static_library_ide/libmicroros/libmicroros.a(librcutils-error_handling.c.obj)
                0x08007c88                rcutils_get_error_string
 *fill*         0x08007cb4        0x4 
 .text.rcutils_reset_error
                0x08007cb8       0x38 ../micro_ros_stm32cubemx_utils/microros_static_library_ide/libmicroros/libmicroros.a(librcutils-error_handling.c.obj)
                0x08007cb8                rcutils_reset_error
 .text.rmw_get_default_publisher_options
                0x08007cf0        0x8 ../micro_ros_stm32cubemx_utils/microros_static_library_ide/libmicroros/libmicroros.a(librmw-publisher_options.c.obj)
                0x08007cf0                rmw_get_default_publisher_options
 .text.rmw_uros_set_custom_transport
                0x08007cf8       0x2c ../micro_ros_stm32cubemx_utils/microros_static_library_ide/libmicroros/libmicroros.a(librmw_microxrcedds-custom_transport.c.obj)
                0x08007cf8                rmw_uros_set_custom_transport
 .text.flush_session
                0x08007d24        0x8 ../micro_ros_stm32cubemx_utils/microros_static_library_ide/libmicroros/libmicroros.a(librmw_microxrcedds-rmw_publish.c.obj)
                0x08007d24                flush_session
 .text.rmw_publish
                0x08007d2c       0xc0 ../micro_ros_stm32cubemx_utils/microros_static_library_ide/libmicroros/libmicroros.a(librmw_microxrcedds-rmw_publish.c.obj)
                0x08007d2c                rmw_publish
 .text.rmw_create_publisher
                0x08007dec      0x1bc ../micro_ros_stm32cubemx_utils/microros_static_library_ide/libmicroros/libmicroros.a(librmw_microxrcedds-rmw_publisher.c.obj)
                0x08007dec                rmw_create_publisher
 .text.rmw_publisher_get_actual_qos
                0x08007fa8       0x20 ../micro_ros_stm32cubemx_utils/microros_static_library_ide/libmicroros/libmicroros.a(librmw_microxrcedds-rmw_publisher.c.obj)
                0x08007fa8                rmw_publisher_get_actual_qos
 .text.rmw_destroy_publisher
                0x08007fc8       0xa4 ../micro_ros_stm32cubemx_utils/microros_static_library_ide/libmicroros/libmicroros.a(librmw_microxrcedds-rmw_publisher.c.obj)
                0x08007fc8                rmw_destroy_publisher
 .text.rmw_uxrce_init_service_memory
                0x0800806c       0x40 ../micro_ros_stm32cubemx_utils/microros_static_library_ide/libmicroros/libmicroros.a(librmw_microxrcedds-types.c.obj)
                0x0800806c                rmw_uxrce_init_service_memory
 .text.rmw_uxrce_init_client_memory
                0x080080ac       0x40 ../micro_ros_stm32cubemx_utils/microros_static_library_ide/libmicroros/libmicroros.a(librmw_microxrcedds-types.c.obj)
                0x080080ac                rmw_uxrce_init_client_memory
 .text.rmw_uxrce_init_publisher_memory
                0x080080ec       0x40 ../micro_ros_stm32cubemx_utils/microros_static_library_ide/libmicroros/libmicroros.a(librmw_microxrcedds-types.c.obj)
                0x080080ec                rmw_uxrce_init_publisher_memory
 .text.rmw_uxrce_init_subscription_memory
                0x0800812c       0x40 ../micro_ros_stm32cubemx_utils/microros_static_library_ide/libmicroros/libmicroros.a(librmw_microxrcedds-types.c.obj)
                0x0800812c                rmw_uxrce_init_subscription_memory
 .text.rmw_uxrce_init_node_memory
                0x0800816c       0x40 ../micro_ros_stm32cubemx_utils/microros_static_library_ide/libmicroros/libmicroros.a(librmw_microxrcedds-types.c.obj)
                0x0800816c                rmw_uxrce_init_node_memory
 .text.rmw_uxrce_init_session_memory
                0x080081ac       0x40 ../micro_ros_stm32cubemx_utils/microros_static_library_ide/libmicroros/libmicroros.a(librmw_microxrcedds-types.c.obj)
                0x080081ac                rmw_uxrce_init_session_memory
 .text.rmw_uxrce_init_topic_memory
                0x080081ec       0x40 ../micro_ros_stm32cubemx_utils/microros_static_library_ide/libmicroros/libmicroros.a(librmw_microxrcedds-types.c.obj)
                0x080081ec                rmw_uxrce_init_topic_memory
 .text.rmw_uxrce_init_static_input_buffer_memory
                0x0800822c       0x40 ../micro_ros_stm32cubemx_utils/microros_static_library_ide/libmicroros/libmicroros.a(librmw_microxrcedds-types.c.obj)
                0x0800822c                rmw_uxrce_init_static_input_buffer_memory
 .text.rmw_uxrce_init_init_options_impl_memory
                0x0800826c       0x40 ../micro_ros_stm32cubemx_utils/microros_static_library_ide/libmicroros/libmicroros.a(librmw_microxrcedds-types.c.obj)
                0x0800826c                rmw_uxrce_init_init_options_impl_memory
 .text.rmw_uxrce_init_wait_set_memory
                0x080082ac       0x40 ../micro_ros_stm32cubemx_utils/microros_static_library_ide/libmicroros/libmicroros.a(librmw_microxrcedds-types.c.obj)
                0x080082ac                rmw_uxrce_init_wait_set_memory
 .text.rmw_uxrce_init_guard_condition_memory
                0x080082ec       0x40 ../micro_ros_stm32cubemx_utils/microros_static_library_ide/libmicroros/libmicroros.a(librmw_microxrcedds-types.c.obj)
                0x080082ec                rmw_uxrce_init_guard_condition_memory
 .text.rmw_uxrce_fini_session_memory
                0x0800832c        0xc ../micro_ros_stm32cubemx_utils/microros_static_library_ide/libmicroros/libmicroros.a(librmw_microxrcedds-types.c.obj)
                0x0800832c                rmw_uxrce_fini_session_memory
 .text.rmw_uxrce_fini_node_memory
                0x08008338       0x30 ../micro_ros_stm32cubemx_utils/microros_static_library_ide/libmicroros/libmicroros.a(librmw_microxrcedds-types.c.obj)
                0x08008338                rmw_uxrce_fini_node_memory
 .text.rmw_uxrce_fini_publisher_memory
                0x08008368       0x2c ../micro_ros_stm32cubemx_utils/microros_static_library_ide/libmicroros/libmicroros.a(librmw_microxrcedds-types.c.obj)
                0x08008368                rmw_uxrce_fini_publisher_memory
 .text.rmw_uxrce_fini_subscription_memory
                0x08008394       0x2c ../micro_ros_stm32cubemx_utils/microros_static_library_ide/libmicroros/libmicroros.a(librmw_microxrcedds-types.c.obj)
                0x08008394                rmw_uxrce_fini_subscription_memory
 .text.rmw_uxrce_fini_service_memory
                0x080083c0       0x2c ../micro_ros_stm32cubemx_utils/microros_static_library_ide/libmicroros/libmicroros.a(librmw_microxrcedds-types.c.obj)
                0x080083c0                rmw_uxrce_fini_service_memory
 .text.rmw_uxrce_fini_client_memory
                0x080083ec       0x2c ../micro_ros_stm32cubemx_utils/microros_static_library_ide/libmicroros/libmicroros.a(librmw_microxrcedds-types.c.obj)
                0x080083ec                rmw_uxrce_fini_client_memory
 .text.rmw_uxrce_fini_topic_memory
                0x08008418       0x18 ../micro_ros_stm32cubemx_utils/microros_static_library_ide/libmicroros/libmicroros.a(librmw_microxrcedds-types.c.obj)
                0x08008418                rmw_uxrce_fini_topic_memory
 .text.rmw_uxrce_get_static_input_buffer_for_entity
                0x08008430       0xa0 ../micro_ros_stm32cubemx_utils/microros_static_library_ide/libmicroros/libmicroros.a(librmw_microxrcedds-types.c.obj)
                0x08008430                rmw_uxrce_get_static_input_buffer_for_entity
 .text.run_xrce_session
                0x080084d0       0x38 ../micro_ros_stm32cubemx_utils/microros_static_library_ide/libmicroros/libmicroros.a(librmw_microxrcedds-utils.c.obj)
                0x080084d0                run_xrce_session
 .text.convert_qos_profile
                0x08008508       0x34 ../micro_ros_stm32cubemx_utils/microros_static_library_ide/libmicroros/libmicroros.a(librmw_microxrcedds-utils.c.obj)
                0x08008508                convert_qos_profile
 .text.generate_type_name
                0x0800853c       0x60 ../micro_ros_stm32cubemx_utils/microros_static_library_ide/libmicroros/libmicroros.a(librmw_microxrcedds-utils.c.obj)
                0x0800853c                generate_type_name
 .text.generate_topic_name
                0x0800859c       0x34 ../micro_ros_stm32cubemx_utils/microros_static_library_ide/libmicroros/libmicroros.a(librmw_microxrcedds-utils.c.obj)
                0x0800859c                generate_topic_name
 .text.is_uxrce_rmw_identifier_valid
                0x080085d0       0x1c ../micro_ros_stm32cubemx_utils/microros_static_library_ide/libmicroros/libmicroros.a(librmw_microxrcedds-utils.c.obj)
                0x080085d0                is_uxrce_rmw_identifier_valid
 .text.get_message_typesupport_handle
                0x080085ec        0x4 ../micro_ros_stm32cubemx_utils/microros_static_library_ide/libmicroros/libmicroros.a(librosidl_runtime_c-message_type_support.c.obj)
                0x080085ec                get_message_typesupport_handle
 .text.get_message_typesupport_handle_function
                0x080085f0       0x14 ../micro_ros_stm32cubemx_utils/microros_static_library_ide/libmicroros/libmicroros.a(librosidl_runtime_c-message_type_support.c.obj)
                0x080085f0                get_message_typesupport_handle_function
 .text.rosidl_typesupport_c__get_message_type_support_handle__std_msgs__msg__Int32
                0x08008604       0x1c ../micro_ros_stm32cubemx_utils/microros_static_library_ide/libmicroros/libmicroros.a(libstd_msgs__rosidl_typesupport_c-int32__type_support.cpp.obj)
                0x08008604                rosidl_typesupport_c__get_message_type_support_handle__std_msgs__msg__Int32
 .text.startup._GLOBAL__sub_I_rosidl_typesupport_c__get_message_type_support_handle__std_msgs__msg__Int32
                0x08008620       0x14 ../micro_ros_stm32cubemx_utils/microros_static_library_ide/libmicroros/libmicroros.a(libstd_msgs__rosidl_typesupport_c-int32__type_support.cpp.obj)
 .text.std_msgs__msg__Int32__rosidl_typesupport_introspection_c__Int32_init_function
                0x08008634        0x4 ../micro_ros_stm32cubemx_utils/microros_static_library_ide/libmicroros/libmicroros.a(libstd_msgs__rosidl_typesupport_introspection_c-int32__type_support.c.obj)
                0x08008634                std_msgs__msg__Int32__rosidl_typesupport_introspection_c__Int32_init_function
 .text.std_msgs__msg__Int32__rosidl_typesupport_introspection_c__Int32_fini_function
                0x08008638        0x4 ../micro_ros_stm32cubemx_utils/microros_static_library_ide/libmicroros/libmicroros.a(libstd_msgs__rosidl_typesupport_introspection_c-int32__type_support.c.obj)
                0x08008638                std_msgs__msg__Int32__rosidl_typesupport_introspection_c__Int32_fini_function
 .text.rosidl_typesupport_introspection_c__get_message_type_support_handle__std_msgs__msg__Int32
                0x0800863c       0x1c ../micro_ros_stm32cubemx_utils/microros_static_library_ide/libmicroros/libmicroros.a(libstd_msgs__rosidl_typesupport_introspection_c-int32__type_support.c.obj)
                0x0800863c                rosidl_typesupport_introspection_c__get_message_type_support_handle__std_msgs__msg__Int32
 .text._Int32__max_serialized_size
                0x08008658       0x10 ../micro_ros_stm32cubemx_utils/microros_static_library_ide/libmicroros/libmicroros.a(libstd_msgs__rosidl_typesupport_microxrcedds_c-int32__type_support_c.c.obj)
 .text._Int32__cdr_deserialize
                0x08008668        0xc ../micro_ros_stm32cubemx_utils/microros_static_library_ide/libmicroros/libmicroros.a(libstd_msgs__rosidl_typesupport_microxrcedds_c-int32__type_support_c.c.obj)
 .text.get_serialized_size_std_msgs__msg__Int32
                0x08008674       0x14 ../micro_ros_stm32cubemx_utils/microros_static_library_ide/libmicroros/libmicroros.a(libstd_msgs__rosidl_typesupport_microxrcedds_c-int32__type_support_c.c.obj)
                0x08008674                get_serialized_size_std_msgs__msg__Int32
 .text._Int32__cdr_serialize
                0x08008688       0x10 ../micro_ros_stm32cubemx_utils/microros_static_library_ide/libmicroros/libmicroros.a(libstd_msgs__rosidl_typesupport_microxrcedds_c-int32__type_support_c.c.obj)
 .text._Int32__get_serialized_size
                0x08008698       0x14 ../micro_ros_stm32cubemx_utils/microros_static_library_ide/libmicroros/libmicroros.a(libstd_msgs__rosidl_typesupport_microxrcedds_c-int32__type_support_c.c.obj)
 .text.rosidl_typesupport_microxrcedds_c__get_message_type_support_handle__std_msgs__msg__Int32
                0x080086ac        0x8 ../micro_ros_stm32cubemx_utils/microros_static_library_ide/libmicroros/libmicroros.a(libstd_msgs__rosidl_typesupport_microxrcedds_c-int32__type_support_c.c.obj)
                0x080086ac                rosidl_typesupport_microxrcedds_c__get_message_type_support_handle__std_msgs__msg__Int32
 .text.ucdr_serialize_bool
                0x080086b4       0x2c ../micro_ros_stm32cubemx_utils/microros_static_library_ide/libmicroros/libmicroros.a(libmicrocdr-basic.c.obj)
                0x080086b4                ucdr_serialize_bool
 .text.ucdr_deserialize_bool
                0x080086e0       0x30 ../micro_ros_stm32cubemx_utils/microros_static_library_ide/libmicroros/libmicroros.a(libmicrocdr-basic.c.obj)
                0x080086e0                ucdr_deserialize_bool
 .text.ucdr_serialize_uint8_t
                0x08008710       0x2c ../micro_ros_stm32cubemx_utils/microros_static_library_ide/libmicroros/libmicroros.a(libmicrocdr-basic.c.obj)
                0x08008710                ucdr_serialize_uint8_t
 .text.ucdr_deserialize_uint8_t
                0x0800873c       0x2c ../micro_ros_stm32cubemx_utils/microros_static_library_ide/libmicroros/libmicroros.a(libmicrocdr-basic.c.obj)
                0x0800873c                ucdr_deserialize_uint8_t
 .text.ucdr_serialize_uint16_t
                0x08008768      0x100 ../micro_ros_stm32cubemx_utils/microros_static_library_ide/libmicroros/libmicroros.a(libmicrocdr-basic.c.obj)
                0x08008768                ucdr_serialize_uint16_t
 .text.ucdr_serialize_endian_uint16_t
                0x08008868      0x100 ../micro_ros_stm32cubemx_utils/microros_static_library_ide/libmicroros/libmicroros.a(libmicrocdr-basic.c.obj)
                0x08008868                ucdr_serialize_endian_uint16_t
 .text.ucdr_deserialize_uint16_t
                0x08008968       0xe8 ../micro_ros_stm32cubemx_utils/microros_static_library_ide/libmicroros/libmicroros.a(libmicrocdr-basic.c.obj)
                0x08008968                ucdr_deserialize_uint16_t
 .text.ucdr_deserialize_endian_uint16_t
                0x08008a50       0xec ../micro_ros_stm32cubemx_utils/microros_static_library_ide/libmicroros/libmicroros.a(libmicrocdr-basic.c.obj)
                0x08008a50                ucdr_deserialize_endian_uint16_t
 .text.ucdr_serialize_uint32_t
                0x08008b3c      0x130 ../micro_ros_stm32cubemx_utils/microros_static_library_ide/libmicroros/libmicroros.a(libmicrocdr-basic.c.obj)
                0x08008b3c                ucdr_serialize_uint32_t
 .text.ucdr_serialize_endian_uint32_t
                0x08008c6c      0x130 ../micro_ros_stm32cubemx_utils/microros_static_library_ide/libmicroros/libmicroros.a(libmicrocdr-basic.c.obj)
                0x08008c6c                ucdr_serialize_endian_uint32_t
 .text.ucdr_deserialize_uint32_t
                0x08008d9c      0x120 ../micro_ros_stm32cubemx_utils/microros_static_library_ide/libmicroros/libmicroros.a(libmicrocdr-basic.c.obj)
                0x08008d9c                ucdr_deserialize_uint32_t
 .text.ucdr_deserialize_endian_uint32_t
                0x08008ebc      0x12c ../micro_ros_stm32cubemx_utils/microros_static_library_ide/libmicroros/libmicroros.a(libmicrocdr-basic.c.obj)
                0x08008ebc                ucdr_deserialize_endian_uint32_t
 .text.ucdr_serialize_uint64_t
                0x08008fe8      0x1a0 ../micro_ros_stm32cubemx_utils/microros_static_library_ide/libmicroros/libmicroros.a(libmicrocdr-basic.c.obj)
                0x08008fe8                ucdr_serialize_uint64_t
 .text.ucdr_serialize_int16_t
                0x08009188      0x100 ../micro_ros_stm32cubemx_utils/microros_static_library_ide/libmicroros/libmicroros.a(libmicrocdr-basic.c.obj)
                0x08009188                ucdr_serialize_int16_t
 .text.ucdr_deserialize_int16_t
                0x08009288       0xe8 ../micro_ros_stm32cubemx_utils/microros_static_library_ide/libmicroros/libmicroros.a(libmicrocdr-basic.c.obj)
                0x08009288                ucdr_deserialize_int16_t
 .text.ucdr_serialize_int32_t
                0x08009370      0x130 ../micro_ros_stm32cubemx_utils/microros_static_library_ide/libmicroros/libmicroros.a(libmicrocdr-basic.c.obj)
                0x08009370                ucdr_serialize_int32_t
 .text.ucdr_deserialize_int32_t
                0x080094a0      0x120 ../micro_ros_stm32cubemx_utils/microros_static_library_ide/libmicroros/libmicroros.a(libmicrocdr-basic.c.obj)
                0x080094a0                ucdr_deserialize_int32_t
 .text.ucdr_check_buffer_available_for
                0x080095c0       0x18 ../micro_ros_stm32cubemx_utils/microros_static_library_ide/libmicroros/libmicroros.a(libmicrocdr-common.c.obj)
                0x080095c0                ucdr_check_buffer_available_for
 .text.ucdr_check_final_buffer_behavior
                0x080095d8       0x38 ../micro_ros_stm32cubemx_utils/microros_static_library_ide/libmicroros/libmicroros.a(libmicrocdr-common.c.obj)
                0x080095d8                ucdr_check_final_buffer_behavior
 .text.ucdr_set_on_full_buffer_callback
                0x08009610        0x8 ../micro_ros_stm32cubemx_utils/microros_static_library_ide/libmicroros/libmicroros.a(libmicrocdr-common.c.obj)
                0x08009610                ucdr_set_on_full_buffer_callback
 .text.ucdr_init_buffer_origin_offset_endian
                0x08009618       0x2c ../micro_ros_stm32cubemx_utils/microros_static_library_ide/libmicroros/libmicroros.a(libmicrocdr-common.c.obj)
                0x08009618                ucdr_init_buffer_origin_offset_endian
 .text.ucdr_init_buffer_origin_offset
                0x08009644       0x14 ../micro_ros_stm32cubemx_utils/microros_static_library_ide/libmicroros/libmicroros.a(libmicrocdr-common.c.obj)
                0x08009644                ucdr_init_buffer_origin_offset
 .text.ucdr_init_buffer_origin
                0x08009658       0x10 ../micro_ros_stm32cubemx_utils/microros_static_library_ide/libmicroros/libmicroros.a(libmicrocdr-common.c.obj)
                0x08009658                ucdr_init_buffer_origin
 .text.ucdr_init_buffer
                0x08009668        0x8 ../micro_ros_stm32cubemx_utils/microros_static_library_ide/libmicroros/libmicroros.a(libmicrocdr-common.c.obj)
                0x08009668                ucdr_init_buffer
 .text.ucdr_alignment
                0x08009670       0x10 ../micro_ros_stm32cubemx_utils/microros_static_library_ide/libmicroros/libmicroros.a(libmicrocdr-common.c.obj)
                0x08009670                ucdr_alignment
 .text.ucdr_buffer_alignment
                0x08009680       0x1c ../micro_ros_stm32cubemx_utils/microros_static_library_ide/libmicroros/libmicroros.a(libmicrocdr-common.c.obj)
                0x08009680                ucdr_buffer_alignment
 .text.ucdr_align_to
                0x0800969c       0x24 ../micro_ros_stm32cubemx_utils/microros_static_library_ide/libmicroros/libmicroros.a(libmicrocdr-common.c.obj)
                0x0800969c                ucdr_align_to
 .text.ucdr_buffer_length
                0x080096c0        0x8 ../micro_ros_stm32cubemx_utils/microros_static_library_ide/libmicroros/libmicroros.a(libmicrocdr-common.c.obj)
                0x080096c0                ucdr_buffer_length
 .text.ucdr_buffer_remaining
                0x080096c8        0x8 ../micro_ros_stm32cubemx_utils/microros_static_library_ide/libmicroros/libmicroros.a(libmicrocdr-common.c.obj)
                0x080096c8                ucdr_buffer_remaining
 .text.ucdr_check_final_buffer_behavior_array
                0x080096d0       0x38 ../micro_ros_stm32cubemx_utils/microros_static_library_ide/libmicroros/libmicroros.a(libmicrocdr-common.c.obj)
                0x080096d0                ucdr_check_final_buffer_behavior_array
 .text.ucdr_advance_buffer
                0x08009708       0x40 ../micro_ros_stm32cubemx_utils/microros_static_library_ide/libmicroros/libmicroros.a(libmicrocdr-common.c.obj)
                0x08009708                ucdr_advance_buffer
 .text.uxr_buffer_delete_entity
                0x08009748       0x40 ../micro_ros_stm32cubemx_utils/microros_static_library_ide/libmicroros/libmicroros.a(libmicroxrcedds_client-common_create_entities.c.obj)
                0x08009748                uxr_buffer_delete_entity
 .text.uxr_common_create_entity
                0x08009788       0x58 ../micro_ros_stm32cubemx_utils/microros_static_library_ide/libmicroros/libmicroros.a(libmicroxrcedds_client-common_create_entities.c.obj)
                0x08009788                uxr_common_create_entity
 .text.uxr_buffer_create_participant_bin
                0x080097e0       0x64 ../micro_ros_stm32cubemx_utils/microros_static_library_ide/libmicroros/libmicroros.a(libmicroxrcedds_client-create_entities_bin.c.obj)
                0x080097e0                uxr_buffer_create_participant_bin
 .text.uxr_buffer_create_topic_bin
                0x08009844       0x6c ../micro_ros_stm32cubemx_utils/microros_static_library_ide/libmicroros/libmicroros.a(libmicroxrcedds_client-create_entities_bin.c.obj)
                0x08009844                uxr_buffer_create_topic_bin
 .text.uxr_buffer_create_publisher_bin
                0x080098b0       0x60 ../micro_ros_stm32cubemx_utils/microros_static_library_ide/libmicroros/libmicroros.a(libmicroxrcedds_client-create_entities_bin.c.obj)
                0x080098b0                uxr_buffer_create_publisher_bin
 .text.uxr_buffer_create_datawriter_bin
                0x08009910       0xec ../micro_ros_stm32cubemx_utils/microros_static_library_ide/libmicroros/libmicroros.a(libmicroxrcedds_client-create_entities_bin.c.obj)
                0x08009910                uxr_buffer_create_datawriter_bin
 .text.uxr_object_id
                0x080099fc       0x1c ../micro_ros_stm32cubemx_utils/microros_static_library_ide/libmicroros/libmicroros.a(libmicroxrcedds_client-object_id.c.obj)
                0x080099fc                uxr_object_id
 .text.uxr_object_id_from_raw
                0x08009a18       0x28 ../micro_ros_stm32cubemx_utils/microros_static_library_ide/libmicroros/libmicroros.a(libmicroxrcedds_client-object_id.c.obj)
                0x08009a18                uxr_object_id_from_raw
 .text.uxr_object_id_to_raw
                0x08009a40       0x1c ../micro_ros_stm32cubemx_utils/microros_static_library_ide/libmicroros/libmicroros.a(libmicroxrcedds_client-object_id.c.obj)
                0x08009a40                uxr_object_id_to_raw
 .text.on_get_fragmentation_info
                0x08009a5c       0x44 ../micro_ros_stm32cubemx_utils/microros_static_library_ide/libmicroros/libmicroros.a(libmicroxrcedds_client-session.c.obj)
 .text.read_submessage_get_info
                0x08009aa0       0x6c ../micro_ros_stm32cubemx_utils/microros_static_library_ide/libmicroros/libmicroros.a(libmicroxrcedds_client-session.c.obj)
 .text.write_submessage_acknack.isra.0
                0x08009b0c       0x6c ../micro_ros_stm32cubemx_utils/microros_static_library_ide/libmicroros/libmicroros.a(libmicroxrcedds_client-session.c.obj)
 .text.uxr_init_session
                0x08009b78       0x40 ../micro_ros_stm32cubemx_utils/microros_static_library_ide/libmicroros/libmicroros.a(libmicroxrcedds_client-session.c.obj)
                0x08009b78                uxr_init_session
 .text.uxr_set_status_callback
                0x08009bb8        0x8 ../micro_ros_stm32cubemx_utils/microros_static_library_ide/libmicroros/libmicroros.a(libmicroxrcedds_client-session.c.obj)
                0x08009bb8                uxr_set_status_callback
 .text.uxr_set_topic_callback
                0x08009bc0        0x8 ../micro_ros_stm32cubemx_utils/microros_static_library_ide/libmicroros/libmicroros.a(libmicroxrcedds_client-session.c.obj)
                0x08009bc0                uxr_set_topic_callback
 .text.uxr_set_request_callback
                0x08009bc8        0x8 ../micro_ros_stm32cubemx_utils/microros_static_library_ide/libmicroros/libmicroros.a(libmicroxrcedds_client-session.c.obj)
                0x08009bc8                uxr_set_request_callback
 .text.uxr_set_reply_callback
                0x08009bd0        0x8 ../micro_ros_stm32cubemx_utils/microros_static_library_ide/libmicroros/libmicroros.a(libmicroxrcedds_client-session.c.obj)
                0x08009bd0                uxr_set_reply_callback
 .text.uxr_create_output_best_effort_stream
                0x08009bd8       0x24 ../micro_ros_stm32cubemx_utils/microros_static_library_ide/libmicroros/libmicroros.a(libmicroxrcedds_client-session.c.obj)
                0x08009bd8                uxr_create_output_best_effort_stream
 .text.uxr_create_output_reliable_stream
                0x08009bfc       0x44 ../micro_ros_stm32cubemx_utils/microros_static_library_ide/libmicroros/libmicroros.a(libmicroxrcedds_client-session.c.obj)
                0x08009bfc                uxr_create_output_reliable_stream
 .text.uxr_create_input_best_effort_stream
                0x08009c40        0xc ../micro_ros_stm32cubemx_utils/microros_static_library_ide/libmicroros/libmicroros.a(libmicroxrcedds_client-session.c.obj)
                0x08009c40                uxr_create_input_best_effort_stream
 .text.uxr_create_input_reliable_stream
                0x08009c4c       0x38 ../micro_ros_stm32cubemx_utils/microros_static_library_ide/libmicroros/libmicroros.a(libmicroxrcedds_client-session.c.obj)
                0x08009c4c                uxr_create_input_reliable_stream
 .text.uxr_epoch_nanos
                0x08009c84       0x14 ../micro_ros_stm32cubemx_utils/microros_static_library_ide/libmicroros/libmicroros.a(libmicroxrcedds_client-session.c.obj)
                0x08009c84                uxr_epoch_nanos
 .text.uxr_flash_output_streams
                0x08009c98       0xec ../micro_ros_stm32cubemx_utils/microros_static_library_ide/libmicroros/libmicroros.a(libmicroxrcedds_client-session.c.obj)
                0x08009c98                uxr_flash_output_streams
 .text.read_submessage_info
                0x08009d84       0x90 ../micro_ros_stm32cubemx_utils/microros_static_library_ide/libmicroros/libmicroros.a(libmicroxrcedds_client-session.c.obj)
                0x08009d84                read_submessage_info
 .text.read_submessage_list
                0x08009e14      0x310 ../micro_ros_stm32cubemx_utils/microros_static_library_ide/libmicroros/libmicroros.a(libmicroxrcedds_client-session.c.obj)
 .text.listen_message_reliably
                0x0800a124      0x280 ../micro_ros_stm32cubemx_utils/microros_static_library_ide/libmicroros/libmicroros.a(libmicroxrcedds_client-session.c.obj)
 .text.uxr_run_session_until_confirm_delivery
                0x0800a3a4       0x4c ../micro_ros_stm32cubemx_utils/microros_static_library_ide/libmicroros/libmicroros.a(libmicroxrcedds_client-session.c.obj)
                0x0800a3a4                uxr_run_session_until_confirm_delivery
 .text.uxr_run_session_until_all_status
                0x0800a3f0       0xa4 ../micro_ros_stm32cubemx_utils/microros_static_library_ide/libmicroros/libmicroros.a(libmicroxrcedds_client-session.c.obj)
                0x0800a3f0                uxr_run_session_until_all_status
 .text.wait_session_status
                0x0800a494      0x1a0 ../micro_ros_stm32cubemx_utils/microros_static_library_ide/libmicroros/libmicroros.a(libmicroxrcedds_client-session.c.obj)
 .text.uxr_delete_session_retries
                0x0800a634       0x50 ../micro_ros_stm32cubemx_utils/microros_static_library_ide/libmicroros/libmicroros.a(libmicroxrcedds_client-session.c.obj)
                0x0800a634                uxr_delete_session_retries
 .text.uxr_create_session
                0x0800a684      0x1bc ../micro_ros_stm32cubemx_utils/microros_static_library_ide/libmicroros/libmicroros.a(libmicroxrcedds_client-session.c.obj)
                0x0800a684                uxr_create_session
 .text.uxr_prepare_stream_to_write_submessage
                0x0800a840       0x88 ../micro_ros_stm32cubemx_utils/microros_static_library_ide/libmicroros/libmicroros.a(libmicroxrcedds_client-session.c.obj)
                0x0800a840                uxr_prepare_stream_to_write_submessage
 .text.uxr_init_session_info
                0x0800a8c8       0x20 ../micro_ros_stm32cubemx_utils/microros_static_library_ide/libmicroros/libmicroros.a(libmicroxrcedds_client-session_info.c.obj)
                0x0800a8c8                uxr_init_session_info
 .text.uxr_buffer_create_session
                0x0800a8e8       0x54 ../micro_ros_stm32cubemx_utils/microros_static_library_ide/libmicroros/libmicroros.a(libmicroxrcedds_client-session_info.c.obj)
                0x0800a8e8                uxr_buffer_create_session
 .text.uxr_buffer_delete_session
                0x0800a93c       0x38 ../micro_ros_stm32cubemx_utils/microros_static_library_ide/libmicroros/libmicroros.a(libmicroxrcedds_client-session_info.c.obj)
                0x0800a93c                uxr_buffer_delete_session
 .text.uxr_read_create_session_status
                0x0800a974       0x18 ../micro_ros_stm32cubemx_utils/microros_static_library_ide/libmicroros/libmicroros.a(libmicroxrcedds_client-session_info.c.obj)
                0x0800a974                uxr_read_create_session_status
 .text.uxr_read_delete_session_status
                0x0800a98c       0x3c ../micro_ros_stm32cubemx_utils/microros_static_library_ide/libmicroros/libmicroros.a(libmicroxrcedds_client-session_info.c.obj)
                0x0800a98c                uxr_read_delete_session_status
 .text.uxr_stamp_create_session_header
                0x0800a9c8       0x28 ../micro_ros_stm32cubemx_utils/microros_static_library_ide/libmicroros/libmicroros.a(libmicroxrcedds_client-session_info.c.obj)
                0x0800a9c8                uxr_stamp_create_session_header
 .text.uxr_stamp_session_header
                0x0800a9f0       0x28 ../micro_ros_stm32cubemx_utils/microros_static_library_ide/libmicroros/libmicroros.a(libmicroxrcedds_client-session_info.c.obj)
                0x0800a9f0                uxr_stamp_session_header
 .text.uxr_read_session_header
                0x0800aa18       0x84 ../micro_ros_stm32cubemx_utils/microros_static_library_ide/libmicroros/libmicroros.a(libmicroxrcedds_client-session_info.c.obj)
                0x0800aa18                uxr_read_session_header
 .text.uxr_session_header_offset
                0x0800aa9c       0x10 ../micro_ros_stm32cubemx_utils/microros_static_library_ide/libmicroros/libmicroros.a(libmicroxrcedds_client-session_info.c.obj)
                0x0800aa9c                uxr_session_header_offset
 .text.uxr_init_base_object_request
                0x0800aaac       0x3c ../micro_ros_stm32cubemx_utils/microros_static_library_ide/libmicroros/libmicroros.a(libmicroxrcedds_client-session_info.c.obj)
                0x0800aaac                uxr_init_base_object_request
 .text.uxr_parse_base_object_request
                0x0800aae8       0x24 ../micro_ros_stm32cubemx_utils/microros_static_library_ide/libmicroros/libmicroros.a(libmicroxrcedds_client-session_info.c.obj)
                0x0800aae8                uxr_parse_base_object_request
 .text.uxr_stream_id
                0x0800ab0c       0x54 ../micro_ros_stm32cubemx_utils/microros_static_library_ide/libmicroros/libmicroros.a(libmicroxrcedds_client-stream_id.c.obj)
                0x0800ab0c                uxr_stream_id
 .text.uxr_stream_id_from_raw
                0x0800ab60       0x54 ../micro_ros_stm32cubemx_utils/microros_static_library_ide/libmicroros/libmicroros.a(libmicroxrcedds_client-stream_id.c.obj)
                0x0800ab60                uxr_stream_id_from_raw
 .text.uxr_init_stream_storage
                0x0800abb4       0x14 ../micro_ros_stm32cubemx_utils/microros_static_library_ide/libmicroros/libmicroros.a(libmicroxrcedds_client-stream_storage.c.obj)
                0x0800abb4                uxr_init_stream_storage
 .text.uxr_reset_stream_storage
                0x0800abc8       0x80 ../micro_ros_stm32cubemx_utils/microros_static_library_ide/libmicroros/libmicroros.a(libmicroxrcedds_client-stream_storage.c.obj)
                0x0800abc8                uxr_reset_stream_storage
 .text.uxr_add_output_best_effort_buffer
                0x0800ac48       0x28 ../micro_ros_stm32cubemx_utils/microros_static_library_ide/libmicroros/libmicroros.a(libmicroxrcedds_client-stream_storage.c.obj)
                0x0800ac48                uxr_add_output_best_effort_buffer
 .text.uxr_add_output_reliable_buffer
                0x0800ac70       0x34 ../micro_ros_stm32cubemx_utils/microros_static_library_ide/libmicroros/libmicroros.a(libmicroxrcedds_client-stream_storage.c.obj)
                0x0800ac70                uxr_add_output_reliable_buffer
 .text.uxr_add_input_best_effort_buffer
                0x0800aca4       0x2c ../micro_ros_stm32cubemx_utils/microros_static_library_ide/libmicroros/libmicroros.a(libmicroxrcedds_client-stream_storage.c.obj)
                0x0800aca4                uxr_add_input_best_effort_buffer
 .text.uxr_add_input_reliable_buffer
                0x0800acd0       0x34 ../micro_ros_stm32cubemx_utils/microros_static_library_ide/libmicroros/libmicroros.a(libmicroxrcedds_client-stream_storage.c.obj)
                0x0800acd0                uxr_add_input_reliable_buffer
 .text.uxr_get_output_best_effort_stream
                0x0800ad04       0x10 ../micro_ros_stm32cubemx_utils/microros_static_library_ide/libmicroros/libmicroros.a(libmicroxrcedds_client-stream_storage.c.obj)
                0x0800ad04                uxr_get_output_best_effort_stream
 .text.uxr_get_output_reliable_stream
                0x0800ad14       0x14 ../micro_ros_stm32cubemx_utils/microros_static_library_ide/libmicroros/libmicroros.a(libmicroxrcedds_client-stream_storage.c.obj)
                0x0800ad14                uxr_get_output_reliable_stream
 .text.uxr_get_input_best_effort_stream
                0x0800ad28       0x14 ../micro_ros_stm32cubemx_utils/microros_static_library_ide/libmicroros/libmicroros.a(libmicroxrcedds_client-stream_storage.c.obj)
                0x0800ad28                uxr_get_input_best_effort_stream
 .text.uxr_get_input_reliable_stream
                0x0800ad3c       0x14 ../micro_ros_stm32cubemx_utils/microros_static_library_ide/libmicroros/libmicroros.a(libmicroxrcedds_client-stream_storage.c.obj)
                0x0800ad3c                uxr_get_input_reliable_stream
 .text.uxr_output_streams_confirmed
                0x0800ad50       0x2c ../micro_ros_stm32cubemx_utils/microros_static_library_ide/libmicroros/libmicroros.a(libmicroxrcedds_client-stream_storage.c.obj)
                0x0800ad50                uxr_output_streams_confirmed
 .text.uxr_buffer_submessage_header
                0x0800ad7c       0x34 ../micro_ros_stm32cubemx_utils/microros_static_library_ide/libmicroros/libmicroros.a(libmicroxrcedds_client-submessage.c.obj)
                0x0800ad7c                uxr_buffer_submessage_header
 .text.uxr_read_submessage_header
                0x0800adb0       0x4c ../micro_ros_stm32cubemx_utils/microros_static_library_ide/libmicroros/libmicroros.a(libmicroxrcedds_client-submessage.c.obj)
                0x0800adb0                uxr_read_submessage_header
 .text.uxr_submessage_padding
                0x0800adfc        0xc ../micro_ros_stm32cubemx_utils/microros_static_library_ide/libmicroros/libmicroros.a(libmicroxrcedds_client-submessage.c.obj)
                0x0800adfc                uxr_submessage_padding
 .text.uxr_millis
                0x0800ae08       0x34 ../micro_ros_stm32cubemx_utils/microros_static_library_ide/libmicroros/libmicroros.a(libmicroxrcedds_client-time.c.obj)
                0x0800ae08                uxr_millis
 .text.uxr_nanos
                0x0800ae3c       0x2c ../micro_ros_stm32cubemx_utils/microros_static_library_ide/libmicroros/libmicroros.a(libmicroxrcedds_client-time.c.obj)
                0x0800ae3c                uxr_nanos
 .text.on_full_output_buffer_fragmented
                0x0800ae68      0x114 ../micro_ros_stm32cubemx_utils/microros_static_library_ide/libmicroros/libmicroros.a(libmicroxrcedds_client-write_access.c.obj)
                0x0800ae68                on_full_output_buffer_fragmented
 .text.uxr_prepare_output_stream
                0x0800af7c       0x60 ../micro_ros_stm32cubemx_utils/microros_static_library_ide/libmicroros/libmicroros.a(libmicroxrcedds_client-write_access.c.obj)
                0x0800af7c                uxr_prepare_output_stream
 .text.uxr_prepare_output_stream_fragmented
                0x0800afdc      0x194 ../micro_ros_stm32cubemx_utils/microros_static_library_ide/libmicroros/libmicroros.a(libmicroxrcedds_client-write_access.c.obj)
                0x0800afdc                uxr_prepare_output_stream_fragmented
 .text.uxr_serialize_message_header
                0x0800b170       0x3c ../micro_ros_stm32cubemx_utils/microros_static_library_ide/libmicroros/libmicroros.a(libmicroxrcedds_client-xrce_header.c.obj)
                0x0800b170                uxr_serialize_message_header
 .text.uxr_deserialize_message_header
                0x0800b1ac       0x40 ../micro_ros_stm32cubemx_utils/microros_static_library_ide/libmicroros/libmicroros.a(libmicroxrcedds_client-xrce_header.c.obj)
                0x0800b1ac                uxr_deserialize_message_header
 .text.uxr_serialize_submessage_header
                0x0800b1ec       0x28 ../micro_ros_stm32cubemx_utils/microros_static_library_ide/libmicroros/libmicroros.a(libmicroxrcedds_client-xrce_subheader.c.obj)
                0x0800b1ec                uxr_serialize_submessage_header
 .text.uxr_deserialize_submessage_header
                0x0800b214       0x28 ../micro_ros_stm32cubemx_utils/microros_static_library_ide/libmicroros/libmicroros.a(libmicroxrcedds_client-xrce_subheader.c.obj)
                0x0800b214                uxr_deserialize_submessage_header
 .text.uxr_serialize_CLIENT_Representation
                0x0800b23c       0xb0 ../micro_ros_stm32cubemx_utils/microros_static_library_ide/libmicroros/libmicroros.a(libmicroxrcedds_client-xrce_types.c.obj)
                0x0800b23c                uxr_serialize_CLIENT_Representation
 .text.uxr_deserialize_CLIENT_Representation
                0x0800b2ec       0xc8 ../micro_ros_stm32cubemx_utils/microros_static_library_ide/libmicroros/libmicroros.a(libmicroxrcedds_client-xrce_types.c.obj)
                0x0800b2ec                uxr_deserialize_CLIENT_Representation
 .text.uxr_serialize_AGENT_Representation
                0x0800b3b4       0x94 ../micro_ros_stm32cubemx_utils/microros_static_library_ide/libmicroros/libmicroros.a(libmicroxrcedds_client-xrce_types.c.obj)
                0x0800b3b4                uxr_serialize_AGENT_Representation
 .text.uxr_serialize_DATAWRITER_Representation
                0x0800b448       0x50 ../micro_ros_stm32cubemx_utils/microros_static_library_ide/libmicroros/libmicroros.a(libmicroxrcedds_client-xrce_types.c.obj)
                0x0800b448                uxr_serialize_DATAWRITER_Representation
 .text.uxr_serialize_ObjectVariant.part.0
                0x0800b498       0xe8 ../micro_ros_stm32cubemx_utils/microros_static_library_ide/libmicroros/libmicroros.a(libmicroxrcedds_client-xrce_types.c.obj)
 .text.uxr_deserialize_DATAWRITER_Representation
                0x0800b580       0x54 ../micro_ros_stm32cubemx_utils/microros_static_library_ide/libmicroros/libmicroros.a(libmicroxrcedds_client-xrce_types.c.obj)
                0x0800b580                uxr_deserialize_DATAWRITER_Representation
 .text.uxr_serialize_OBJK_DomainParticipant_Binary
                0x0800b5d4       0x44 ../micro_ros_stm32cubemx_utils/microros_static_library_ide/libmicroros/libmicroros.a(libmicroxrcedds_client-xrce_types.c.obj)
                0x0800b5d4                uxr_serialize_OBJK_DomainParticipant_Binary
 .text.uxr_serialize_OBJK_Topic_Binary
                0x0800b618       0x4c ../micro_ros_stm32cubemx_utils/microros_static_library_ide/libmicroros/libmicroros.a(libmicroxrcedds_client-xrce_types.c.obj)
                0x0800b618                uxr_serialize_OBJK_Topic_Binary
 .text.uxr_serialize_OBJK_Publisher_Binary_Qos
                0x0800b664      0x11c ../micro_ros_stm32cubemx_utils/microros_static_library_ide/libmicroros/libmicroros.a(libmicroxrcedds_client-xrce_types.c.obj)
                0x0800b664                uxr_serialize_OBJK_Publisher_Binary_Qos
 .text.uxr_serialize_OBJK_Publisher_Binary
                0x0800b780       0x44 ../micro_ros_stm32cubemx_utils/microros_static_library_ide/libmicroros/libmicroros.a(libmicroxrcedds_client-xrce_types.c.obj)
                0x0800b780                uxr_serialize_OBJK_Publisher_Binary
 .text.uxr_serialize_OBJK_Endpoint_QosBinary
                0x0800b7c4       0xa8 ../micro_ros_stm32cubemx_utils/microros_static_library_ide/libmicroros/libmicroros.a(libmicroxrcedds_client-xrce_types.c.obj)
                0x0800b7c4                uxr_serialize_OBJK_Endpoint_QosBinary
 .text.uxr_serialize_OBJK_DataWriter_Binary
                0x0800b86c       0x58 ../micro_ros_stm32cubemx_utils/microros_static_library_ide/libmicroros/libmicroros.a(libmicroxrcedds_client-xrce_types.c.obj)
                0x0800b86c                uxr_serialize_OBJK_DataWriter_Binary
 .text.uxr_deserialize_ObjectVariant
                0x0800b8c4      0x144 ../micro_ros_stm32cubemx_utils/microros_static_library_ide/libmicroros/libmicroros.a(libmicroxrcedds_client-xrce_types.c.obj)
                0x0800b8c4                uxr_deserialize_ObjectVariant
 .text.uxr_deserialize_BaseObjectRequest
                0x0800ba08       0x20 ../micro_ros_stm32cubemx_utils/microros_static_library_ide/libmicroros/libmicroros.a(libmicroxrcedds_client-xrce_types.c.obj)
                0x0800ba08                uxr_deserialize_BaseObjectRequest
 .text.uxr_serialize_ActivityInfoVariant
                0x0800ba28      0x14c ../micro_ros_stm32cubemx_utils/microros_static_library_ide/libmicroros/libmicroros.a(libmicroxrcedds_client-xrce_types.c.obj)
                0x0800ba28                uxr_serialize_ActivityInfoVariant
 .text.uxr_deserialize_BaseObjectReply
                0x0800bb74       0x3c ../micro_ros_stm32cubemx_utils/microros_static_library_ide/libmicroros/libmicroros.a(libmicroxrcedds_client-xrce_types.c.obj)
                0x0800bb74                uxr_deserialize_BaseObjectReply
 .text.uxr_serialize_ReadSpecification
                0x0800bbb0       0x84 ../micro_ros_stm32cubemx_utils/microros_static_library_ide/libmicroros/libmicroros.a(libmicroxrcedds_client-xrce_types.c.obj)
                0x0800bbb0                uxr_serialize_ReadSpecification
 .text.uxr_serialize_CREATE_CLIENT_Payload
                0x0800bc34        0x4 ../micro_ros_stm32cubemx_utils/microros_static_library_ide/libmicroros/libmicroros.a(libmicroxrcedds_client-xrce_types.c.obj)
                0x0800bc34                uxr_serialize_CREATE_CLIENT_Payload
 .text.uxr_serialize_CREATE_Payload
                0x0800bc38      0x120 ../micro_ros_stm32cubemx_utils/microros_static_library_ide/libmicroros/libmicroros.a(libmicroxrcedds_client-xrce_types.c.obj)
                0x0800bc38                uxr_serialize_CREATE_Payload
 .text.uxr_deserialize_GET_INFO_Payload
                0x0800bd58       0x28 ../micro_ros_stm32cubemx_utils/microros_static_library_ide/libmicroros/libmicroros.a(libmicroxrcedds_client-xrce_types.c.obj)
                0x0800bd58                uxr_deserialize_GET_INFO_Payload
 .text.uxr_serialize_DELETE_Payload
                0x0800bd80       0x20 ../micro_ros_stm32cubemx_utils/microros_static_library_ide/libmicroros/libmicroros.a(libmicroxrcedds_client-xrce_types.c.obj)
                0x0800bd80                uxr_serialize_DELETE_Payload
 .text.uxr_deserialize_STATUS_AGENT_Payload
                0x0800bda0       0x60 ../micro_ros_stm32cubemx_utils/microros_static_library_ide/libmicroros/libmicroros.a(libmicroxrcedds_client-xrce_types.c.obj)
                0x0800bda0                uxr_deserialize_STATUS_AGENT_Payload
 .text.uxr_deserialize_STATUS_Payload
                0x0800be00       0x3c ../micro_ros_stm32cubemx_utils/microros_static_library_ide/libmicroros/libmicroros.a(libmicroxrcedds_client-xrce_types.c.obj)
                0x0800be00                uxr_deserialize_STATUS_Payload
 .text.uxr_serialize_INFO_Payload
                0x0800be3c       0x98 ../micro_ros_stm32cubemx_utils/microros_static_library_ide/libmicroros/libmicroros.a(libmicroxrcedds_client-xrce_types.c.obj)
                0x0800be3c                uxr_serialize_INFO_Payload
 .text.uxr_serialize_READ_DATA_Payload
                0x0800bed4       0x28 ../micro_ros_stm32cubemx_utils/microros_static_library_ide/libmicroros/libmicroros.a(libmicroxrcedds_client-xrce_types.c.obj)
                0x0800bed4                uxr_serialize_READ_DATA_Payload
 .text.uxr_serialize_WRITE_DATA_Payload_Data
                0x0800befc       0x20 ../micro_ros_stm32cubemx_utils/microros_static_library_ide/libmicroros/libmicroros.a(libmicroxrcedds_client-xrce_types.c.obj)
                0x0800befc                uxr_serialize_WRITE_DATA_Payload_Data
 .text.uxr_serialize_ACKNACK_Payload
                0x0800bf1c       0x2c ../micro_ros_stm32cubemx_utils/microros_static_library_ide/libmicroros/libmicroros.a(libmicroxrcedds_client-xrce_types.c.obj)
                0x0800bf1c                uxr_serialize_ACKNACK_Payload
 .text.uxr_deserialize_ACKNACK_Payload
                0x0800bf48       0x28 ../micro_ros_stm32cubemx_utils/microros_static_library_ide/libmicroros/libmicroros.a(libmicroxrcedds_client-xrce_types.c.obj)
                0x0800bf48                uxr_deserialize_ACKNACK_Payload
 .text.uxr_serialize_HEARTBEAT_Payload